[2026-08-19T22:43:32+08:00] ProMixed independent full grid starts; experiment GPU 0, reserve GPU 1
[2026-08-19T22:43:32+08:00] skipping completed sst2 k005 k4
[2026-08-19T22:43:43+08:00] launching sst2 k010 k4
[2026-08-19T22:47:59+08:00] launching sst2 k025 k4
[2026-08-19T22:53:44+08:00] ProMixed independent full grid starts; experiment GPU 1, dual-GPU partition mode
[2026-08-19T22:53:54+08:00] waiting for idle GPU 1
[2026-08-19T22:55:46+08:00] ProMixed independent full grid starts; experiment GPU 0, dual-GPU partition mode
[2026-08-19T22:55:46+08:00] skipping completed sst2 k005 k4
[2026-08-19T22:55:46+08:00] skipping completed sst2 k010 k4
[2026-08-19T22:55:46+08:00] skipping completed sst2 k025 k4
[2026-08-19T22:55:56+08:00] launching sst2 k050 k4
[2026-08-19T22:56:25+08:00] GPU constraints are stably clear for GPU 1
[2026-08-19T22:56:25+08:00] launching subj k005 k4
[2026-08-19T23:03:49+08:00] launching subj k010 k4
[2026-08-19T23:10:39+08:00] launching trec k005 k4
[2026-08-19T23:13:18+08:00] failed trec k005 with status 143
[2026-08-19T23:13:28+08:00] launching subj k025 k4
[2026-08-19T23:14:28+08:00] ProMixed independent full grid starts; experiment GPU 0, reserve GPU 1
[2026-08-19T23:14:28+08:00] skipping completed sst2 k005 k4
[2026-08-19T23:14:28+08:00] skipping completed sst2 k010 k4
[2026-08-19T23:14:28+08:00] skipping completed sst2 k025 k4
[2026-08-19T23:14:38+08:00] launching sst2 k050 k4
[2026-08-19T23:25:24+08:00] launching subj k005 k4
[2026-08-19T23:30:33+08:00] launching subj k010 k4
[2026-08-19T23:36:32+08:00] launching subj k025 k4
[2026-08-19T23:46:04+08:00] launching subj k050 k4
[2026-08-20T00:00:50+08:00] launching trec k005 k4
[2026-08-20T00:04:13+08:00] launching trec k010 k4
[2026-08-20T00:08:29+08:00] launching trec k025 k4
[2026-08-20T00:14:48+08:00] waiting for idle GPU 0 plus idle reserve GPU 1
[2026-08-20T00:16:41+08:00] ProMixed independent full grid starts; experiment GPU 0, dual-GPU partition mode
[2026-08-20T00:16:41+08:00] skipping completed sst2 k005 k4
[2026-08-20T00:16:41+08:00] skipping completed sst2 k010 k4
[2026-08-20T00:16:41+08:00] skipping completed sst2 k025 k4
[2026-08-20T00:16:41+08:00] skipping completed sst2 k050 k4
[2026-08-20T00:16:41+08:00] skipping completed subj k005 k4
[2026-08-20T00:16:41+08:00] skipping completed subj k010 k4
[2026-08-20T00:16:41+08:00] skipping completed subj k025 k4
[2026-08-20T00:16:41+08:00] skipping completed subj k050 k4
[2026-08-20T00:16:41+08:00] skipping completed trec k005 k4
[2026-08-20T00:16:41+08:00] skipping completed trec k010 k4
[2026-08-20T00:16:41+08:00] skipping completed trec k025 k4
[2026-08-20T00:16:51+08:00] launching trec k050 k4
[2026-08-20T00:27:12+08:00] launching rte k005 k4
[2026-08-20T00:30:18+08:00] launching rte k010 k4
[2026-08-20T00:33:45+08:00] launching rte k025 k4
[2026-08-20T00:39:03+08:00] launching rte k050 k4
[2026-08-20T00:49:05+08:00] ProMixed independent full grid completed
