nohup: ignoring input
[2026-08-28T18:59:35+08:00] five-method strict response-ready grid launcher starts
[2026-08-28T18:59:35+08:00] recorded 68-to-80 protocol source upgrade at /home/panzihang/src/prism_max/results/prism_max_five_method_strict_response_warm1_nodefer_r1_20260828_v2/environment/source_commit.txt.legacy68.20260828_185935.13956
[2026-08-28T18:59:37+08:00] archived 68-run fingerprint at /home/panzihang/src/prism_max/results/prism_max_five_method_strict_response_warm1_nodefer_r1_20260828_v2/environment/source_and_input_sha256.txt.legacy68.20260828_185937.13956
[2026-08-28T18:59:39+08:00] launch sst2 k005 impress as k005_impress_fp16_nodefer_warm1_response_r1
[2026-08-28T18:59:44+08:00] impress/fp16 sst2 k005 on GPU 2; deferred=false adaptive_coverage=false
Pcache CPU budget is fixed at 131 MiB; selector-index memory is additive and reported separately.
[2026-08-28T19:14:59+08:00] completed /home/panzihang/src/prism_max/results/prism_max_five_method_strict_response_warm1_nodefer_r1_20260828_v2/sst2/k005_impress_fp16_nodefer_warm1_response_r1
[2026-08-28T19:15:00+08:00] accepted validated output after runner status 0
[2026-08-28T19:15:01+08:00] launch sst2 k005 contigkv as k005_contigkv_fp16_nodefer_warm1_response_r1
[2026-08-28T19:15:07+08:00] contigkv/fp16 sst2 k005 on GPU 2; deferred=false adaptive_coverage=false
Pcache CPU budget is fixed at 131 MiB; selector-index memory is additive and reported separately.
[2026-08-28T19:19:09+08:00] completed /home/panzihang/src/prism_max/results/prism_max_five_method_strict_response_warm1_nodefer_r1_20260828_v2/sst2/k005_contigkv_fp16_nodefer_warm1_response_r1
[2026-08-28T19:19:09+08:00] accepted validated output after runner status 0
[2026-08-28T19:19:10+08:00] launch sst2 k005 promixed as k005_promixed_k4_nodefer_warm1_response_r1
[2026-08-28T19:19:16+08:00] promixed/k4 sst2 k005 on GPU 2; deferred=false adaptive_coverage=false
Pcache CPU budget is fixed at 131 MiB; selector-index memory is additive and reported separately.
[2026-08-28T19:22:10+08:00] completed /home/panzihang/src/prism_max/results/prism_max_five_method_strict_response_warm1_nodefer_r1_20260828_v2/sst2/k005_promixed_k4_nodefer_warm1_response_r1
[2026-08-28T19:22:10+08:00] accepted validated output after runner status 0
[2026-08-28T19:22:10+08:00] skip validated completed sst2 k005 as_lru
[2026-08-28T19:22:12+08:00] launch sst2 k005 as_h2o_lru as k005_as_h2o_lru_fp16_nodefer_warm1_response_r1
[2026-08-28T19:22:17+08:00] as_h2o_lru/fp16 sst2 k005 on GPU 2; deferred=false adaptive_coverage=false
Pcache CPU budget is fixed at 131 MiB; selector-index memory is additive and reported separately.
[2026-08-28T20:35:02+08:00] completed /home/panzihang/src/prism_max/results/prism_max_five_method_strict_response_warm1_nodefer_r1_20260828_v2/sst2/k005_as_h2o_lru_fp16_nodefer_warm1_response_r1
[2026-08-28T20:35:03+08:00] accepted validated output after runner status 0
[2026-08-28T20:35:04+08:00] launch sst2 k010 contigkv as k010_contigkv_fp16_nodefer_warm1_response_r1
[2026-08-28T20:35:09+08:00] contigkv/fp16 sst2 k010 on GPU 2; deferred=false adaptive_coverage=false
Pcache CPU budget is fixed at 131 MiB; selector-index memory is additive and reported separately.
[2026-08-28T20:41:07+08:00] completed /home/panzihang/src/prism_max/results/prism_max_five_method_strict_response_warm1_nodefer_r1_20260828_v2/sst2/k010_contigkv_fp16_nodefer_warm1_response_r1
[2026-08-28T20:41:08+08:00] accepted validated output after runner status 0
[2026-08-28T20:41:09+08:00] launch sst2 k010 promixed as k010_promixed_k4_nodefer_warm1_response_r1
[2026-08-28T20:41:14+08:00] promixed/k4 sst2 k010 on GPU 2; deferred=false adaptive_coverage=false
Pcache CPU budget is fixed at 131 MiB; selector-index memory is additive and reported separately.
[2026-08-28T20:45:31+08:00] completed /home/panzihang/src/prism_max/results/prism_max_five_method_strict_response_warm1_nodefer_r1_20260828_v2/sst2/k010_promixed_k4_nodefer_warm1_response_r1
[2026-08-28T20:45:32+08:00] accepted validated output after runner status 0
[2026-08-28T20:45:33+08:00] launch sst2 k010 as_lru as k010_as_lru_fp16_nodefer_warm1_response_r1
[2026-08-28T20:45:38+08:00] as_lru/fp16 sst2 kfull on GPU 2; deferred=false adaptive_coverage=false
Pcache CPU budget is fixed at 131 MiB; selector-index memory is additive and reported separately.
[2026-08-28T21:33:55+08:00] completed /home/panzihang/src/prism_max/results/prism_max_five_method_strict_response_warm1_nodefer_r1_20260828_v2/sst2/k010_as_lru_fp16_nodefer_warm1_response_r1
[2026-08-28T21:33:56+08:00] accepted validated output after runner status 0
[2026-08-28T21:33:57+08:00] launch sst2 k010 as_h2o_lru as k010_as_h2o_lru_fp16_nodefer_warm1_response_r1
[2026-08-28T21:34:03+08:00] as_h2o_lru/fp16 sst2 k010 on GPU 2; deferred=false adaptive_coverage=false
Pcache CPU budget is fixed at 131 MiB; selector-index memory is additive and reported separately.
[2026-08-28T22:29:23+08:00] completed /home/panzihang/src/prism_max/results/prism_max_five_method_strict_response_warm1_nodefer_r1_20260828_v2/sst2/k010_as_h2o_lru_fp16_nodefer_warm1_response_r1
[2026-08-28T22:29:23+08:00] accepted validated output after runner status 0
[2026-08-28T22:29:24+08:00] launch sst2 k010 impress as k010_impress_fp16_nodefer_warm1_response_r1
[2026-08-28T22:29:30+08:00] impress/fp16 sst2 k010 on GPU 2; deferred=false adaptive_coverage=false
Pcache CPU budget is fixed at 131 MiB; selector-index memory is additive and reported separately.
[2026-08-28T22:45:49+08:00] completed /home/panzihang/src/prism_max/results/prism_max_five_method_strict_response_warm1_nodefer_r1_20260828_v2/sst2/k010_impress_fp16_nodefer_warm1_response_r1
[2026-08-28T22:45:49+08:00] accepted validated output after runner status 0
[2026-08-28T22:45:51+08:00] launch sst2 k025 promixed as k025_promixed_k4_nodefer_warm1_response_r1
[2026-08-28T22:45:56+08:00] promixed/k4 sst2 k025 on GPU 2; deferred=false adaptive_coverage=false
Pcache CPU budget is fixed at 131 MiB; selector-index memory is additive and reported separately.
[2026-08-28T22:51:55+08:00] completed /home/panzihang/src/prism_max/results/prism_max_five_method_strict_response_warm1_nodefer_r1_20260828_v2/sst2/k025_promixed_k4_nodefer_warm1_response_r1
[2026-08-28T22:51:56+08:00] accepted validated output after runner status 0
[2026-08-28T22:51:57+08:00] launch sst2 k025 as_lru as k025_as_lru_fp16_nodefer_warm1_response_r1
[2026-08-28T22:52:03+08:00] as_lru/fp16 sst2 kfull on GPU 2; deferred=false adaptive_coverage=false
Pcache CPU budget is fixed at 131 MiB; selector-index memory is additive and reported separately.
[2026-08-28T23:41:23+08:00] completed /home/panzihang/src/prism_max/results/prism_max_five_method_strict_response_warm1_nodefer_r1_20260828_v2/sst2/k025_as_lru_fp16_nodefer_warm1_response_r1
[2026-08-28T23:41:24+08:00] accepted validated output after runner status 0
[2026-08-28T23:41:25+08:00] launch sst2 k025 as_h2o_lru as k025_as_h2o_lru_fp16_nodefer_warm1_response_r1
[2026-08-28T23:41:30+08:00] as_h2o_lru/fp16 sst2 k025 on GPU 2; deferred=false adaptive_coverage=false
Pcache CPU budget is fixed at 131 MiB; selector-index memory is additive and reported separately.
[2026-08-29T01:00:14+08:00] completed /home/panzihang/src/prism_max/results/prism_max_five_method_strict_response_warm1_nodefer_r1_20260828_v2/sst2/k025_as_h2o_lru_fp16_nodefer_warm1_response_r1
[2026-08-29T01:00:15+08:00] accepted validated output after runner status 0
[2026-08-29T01:00:16+08:00] launch sst2 k025 impress as k025_impress_fp16_nodefer_warm1_response_r1
[2026-08-29T01:00:21+08:00] impress/fp16 sst2 k025 on GPU 2; deferred=false adaptive_coverage=false
Pcache CPU budget is fixed at 131 MiB; selector-index memory is additive and reported separately.
[2026-08-29T02:05:29+08:00] completed /home/panzihang/src/prism_max/results/prism_max_five_method_strict_response_warm1_nodefer_r1_20260828_v2/sst2/k025_impress_fp16_nodefer_warm1_response_r1
[2026-08-29T02:05:29+08:00] accepted validated output after runner status 0
[2026-08-29T02:05:30+08:00] launch sst2 k025 contigkv as k025_contigkv_fp16_nodefer_warm1_response_r1
[2026-08-29T02:05:36+08:00] contigkv/fp16 sst2 k025 on GPU 2; deferred=false adaptive_coverage=false
Pcache CPU budget is fixed at 131 MiB; selector-index memory is additive and reported separately.
[2026-08-29T02:14:07+08:00] completed /home/panzihang/src/prism_max/results/prism_max_five_method_strict_response_warm1_nodefer_r1_20260828_v2/sst2/k025_contigkv_fp16_nodefer_warm1_response_r1
[2026-08-29T02:14:07+08:00] accepted validated output after runner status 0
[2026-08-29T02:14:09+08:00] launch sst2 k050 as_lru as k050_as_lru_fp16_nodefer_warm1_response_r1
[2026-08-29T02:14:14+08:00] as_lru/fp16 sst2 kfull on GPU 2; deferred=false adaptive_coverage=false
Pcache CPU budget is fixed at 131 MiB; selector-index memory is additive and reported separately.
[2026-08-29T03:03:12+08:00] completed /home/panzihang/src/prism_max/results/prism_max_five_method_strict_response_warm1_nodefer_r1_20260828_v2/sst2/k050_as_lru_fp16_nodefer_warm1_response_r1
[2026-08-29T03:03:12+08:00] accepted validated output after runner status 0
[2026-08-29T03:03:13+08:00] launch sst2 k050 as_h2o_lru as k050_as_h2o_lru_fp16_nodefer_warm1_response_r1
[2026-08-29T03:03:19+08:00] as_h2o_lru/fp16 sst2 k050 on GPU 2; deferred=false adaptive_coverage=false
Pcache CPU budget is fixed at 131 MiB; selector-index memory is additive and reported separately.
[2026-08-29T04:00:55+08:00] completed /home/panzihang/src/prism_max/results/prism_max_five_method_strict_response_warm1_nodefer_r1_20260828_v2/sst2/k050_as_h2o_lru_fp16_nodefer_warm1_response_r1
[2026-08-29T04:00:56+08:00] accepted validated output after runner status 0
[2026-08-29T04:00:57+08:00] launch sst2 k050 impress as k050_impress_fp16_nodefer_warm1_response_r1
[2026-08-29T04:01:03+08:00] impress/fp16 sst2 k050 on GPU 2; deferred=false adaptive_coverage=false
Pcache CPU budget is fixed at 131 MiB; selector-index memory is additive and reported separately.
[2026-08-29T04:27:17+08:00] completed /home/panzihang/src/prism_max/results/prism_max_five_method_strict_response_warm1_nodefer_r1_20260828_v2/sst2/k050_impress_fp16_nodefer_warm1_response_r1
[2026-08-29T04:27:17+08:00] accepted validated output after runner status 0
[2026-08-29T04:27:18+08:00] launch sst2 k050 contigkv as k050_contigkv_fp16_nodefer_warm1_response_r1
[2026-08-29T04:27:24+08:00] contigkv/fp16 sst2 k050 on GPU 2; deferred=false adaptive_coverage=false
Pcache CPU budget is fixed at 131 MiB; selector-index memory is additive and reported separately.
[2026-08-29T04:38:39+08:00] completed /home/panzihang/src/prism_max/results/prism_max_five_method_strict_response_warm1_nodefer_r1_20260828_v2/sst2/k050_contigkv_fp16_nodefer_warm1_response_r1
[2026-08-29T04:38:39+08:00] accepted validated output after runner status 0
[2026-08-29T04:38:41+08:00] launch sst2 k050 promixed as k050_promixed_k4_nodefer_warm1_response_r1
[2026-08-29T04:38:46+08:00] promixed/k4 sst2 k050 on GPU 2; deferred=false adaptive_coverage=false
Pcache CPU budget is fixed at 131 MiB; selector-index memory is additive and reported separately.
[2026-08-29T04:49:09+08:00] completed /home/panzihang/src/prism_max/results/prism_max_five_method_strict_response_warm1_nodefer_r1_20260828_v2/sst2/k050_promixed_k4_nodefer_warm1_response_r1
[2026-08-29T04:49:09+08:00] accepted validated output after runner status 0
[2026-08-29T04:49:11+08:00] launch subj k005 as_h2o_lru as k005_as_h2o_lru_fp16_nodefer_warm1_response_r1
[2026-08-29T04:49:16+08:00] as_h2o_lru/fp16 subj k005 on GPU 2; deferred=false adaptive_coverage=false
Pcache CPU budget is fixed at 131 MiB; selector-index memory is additive and reported separately.
[2026-08-29T05:48:27+08:00] completed /home/panzihang/src/prism_max/results/prism_max_five_method_strict_response_warm1_nodefer_r1_20260828_v2/subj/k005_as_h2o_lru_fp16_nodefer_warm1_response_r1
[2026-08-29T05:48:28+08:00] accepted validated output after runner status 0
[2026-08-29T05:48:29+08:00] launch subj k005 impress as k005_impress_fp16_nodefer_warm1_response_r1
[2026-08-29T05:48:35+08:00] impress/fp16 subj k005 on GPU 2; deferred=false adaptive_coverage=false
Pcache CPU budget is fixed at 131 MiB; selector-index memory is additive and reported separately.
[2026-08-29T06:08:12+08:00] completed /home/panzihang/src/prism_max/results/prism_max_five_method_strict_response_warm1_nodefer_r1_20260828_v2/subj/k005_impress_fp16_nodefer_warm1_response_r1
[2026-08-29T06:08:13+08:00] accepted validated output after runner status 0
[2026-08-29T06:08:14+08:00] launch subj k005 contigkv as k005_contigkv_fp16_nodefer_warm1_response_r1
[2026-08-29T06:08:20+08:00] contigkv/fp16 subj k005 on GPU 2; deferred=false adaptive_coverage=false
Pcache CPU budget is fixed at 131 MiB; selector-index memory is additive and reported separately.
[2026-08-29T06:13:21+08:00] completed /home/panzihang/src/prism_max/results/prism_max_five_method_strict_response_warm1_nodefer_r1_20260828_v2/subj/k005_contigkv_fp16_nodefer_warm1_response_r1
[2026-08-29T06:13:21+08:00] accepted validated output after runner status 0
[2026-08-29T06:13:22+08:00] launch subj k005 promixed as k005_promixed_k4_nodefer_warm1_response_r1
[2026-08-29T06:13:28+08:00] promixed/k4 subj k005 on GPU 2; deferred=false adaptive_coverage=false
Pcache CPU budget is fixed at 131 MiB; selector-index memory is additive and reported separately.
[2026-08-29T06:17:43+08:00] completed /home/panzihang/src/prism_max/results/prism_max_five_method_strict_response_warm1_nodefer_r1_20260828_v2/subj/k005_promixed_k4_nodefer_warm1_response_r1
[2026-08-29T06:17:43+08:00] accepted validated output after runner status 0
[2026-08-29T06:17:45+08:00] launch subj k005 as_lru as k005_as_lru_fp16_nodefer_warm1_response_r1
[2026-08-29T06:17:50+08:00] as_lru/fp16 subj kfull on GPU 2; deferred=false adaptive_coverage=false
Pcache CPU budget is fixed at 131 MiB; selector-index memory is additive and reported separately.
[2026-08-29T07:21:15+08:00] completed /home/panzihang/src/prism_max/results/prism_max_five_method_strict_response_warm1_nodefer_r1_20260828_v2/subj/k005_as_lru_fp16_nodefer_warm1_response_r1
[2026-08-29T07:21:15+08:00] accepted validated output after runner status 0
[2026-08-29T07:21:16+08:00] launch subj k010 impress as k010_impress_fp16_nodefer_warm1_response_r1
[2026-08-29T07:21:22+08:00] impress/fp16 subj k010 on GPU 2; deferred=false adaptive_coverage=false
Pcache CPU budget is fixed at 131 MiB; selector-index memory is additive and reported separately.
[2026-08-29T07:44:03+08:00] completed /home/panzihang/src/prism_max/results/prism_max_five_method_strict_response_warm1_nodefer_r1_20260828_v2/subj/k010_impress_fp16_nodefer_warm1_response_r1
[2026-08-29T07:44:04+08:00] accepted validated output after runner status 0
[2026-08-29T07:44:05+08:00] launch subj k010 contigkv as k010_contigkv_fp16_nodefer_warm1_response_r1
[2026-08-29T07:44:10+08:00] contigkv/fp16 subj k010 on GPU 2; deferred=false adaptive_coverage=false
Pcache CPU budget is fixed at 131 MiB; selector-index memory is additive and reported separately.
[2026-08-29T07:50:07+08:00] completed /home/panzihang/src/prism_max/results/prism_max_five_method_strict_response_warm1_nodefer_r1_20260828_v2/subj/k010_contigkv_fp16_nodefer_warm1_response_r1
[2026-08-29T07:50:07+08:00] accepted validated output after runner status 0
[2026-08-29T07:50:08+08:00] launch subj k010 promixed as k010_promixed_k4_nodefer_warm1_response_r1
[2026-08-29T07:50:14+08:00] promixed/k4 subj k010 on GPU 2; deferred=false adaptive_coverage=false
Pcache CPU budget is fixed at 131 MiB; selector-index memory is additive and reported separately.
[2026-08-29T07:55:30+08:00] completed /home/panzihang/src/prism_max/results/prism_max_five_method_strict_response_warm1_nodefer_r1_20260828_v2/subj/k010_promixed_k4_nodefer_warm1_response_r1
[2026-08-29T07:55:30+08:00] accepted validated output after runner status 0
[2026-08-29T07:55:31+08:00] launch subj k010 as_lru as k010_as_lru_fp16_nodefer_warm1_response_r1
[2026-08-29T07:55:37+08:00] as_lru/fp16 subj kfull on GPU 2; deferred=false adaptive_coverage=false
Pcache CPU budget is fixed at 131 MiB; selector-index memory is additive and reported separately.
[2026-08-29T08:55:13+08:00] completed /home/panzihang/src/prism_max/results/prism_max_five_method_strict_response_warm1_nodefer_r1_20260828_v2/subj/k010_as_lru_fp16_nodefer_warm1_response_r1
[2026-08-29T08:55:13+08:00] accepted validated output after runner status 0
[2026-08-29T08:55:14+08:00] launch subj k010 as_h2o_lru as k010_as_h2o_lru_fp16_nodefer_warm1_response_r1
[2026-08-29T08:55:20+08:00] as_h2o_lru/fp16 subj k010 on GPU 2; deferred=false adaptive_coverage=false
Pcache CPU budget is fixed at 131 MiB; selector-index memory is additive and reported separately.
[2026-08-29T09:59:56+08:00] completed /home/panzihang/src/prism_max/results/prism_max_five_method_strict_response_warm1_nodefer_r1_20260828_v2/subj/k010_as_h2o_lru_fp16_nodefer_warm1_response_r1
[2026-08-29T09:59:56+08:00] accepted validated output after runner status 0
[2026-08-29T09:59:57+08:00] launch subj k025 contigkv as k025_contigkv_fp16_nodefer_warm1_response_r1
[2026-08-29T10:00:03+08:00] contigkv/fp16 subj k025 on GPU 2; deferred=false adaptive_coverage=false
Pcache CPU budget is fixed at 131 MiB; selector-index memory is additive and reported separately.
[2026-08-29T10:09:58+08:00] completed /home/panzihang/src/prism_max/results/prism_max_five_method_strict_response_warm1_nodefer_r1_20260828_v2/subj/k025_contigkv_fp16_nodefer_warm1_response_r1
[2026-08-29T10:09:58+08:00] accepted validated output after runner status 0
[2026-08-29T10:10:00+08:00] launch subj k025 promixed as k025_promixed_k4_nodefer_warm1_response_r1
[2026-08-29T10:10:05+08:00] promixed/k4 subj k025 on GPU 2; deferred=false adaptive_coverage=false
Pcache CPU budget is fixed at 131 MiB; selector-index memory is additive and reported separately.
[2026-08-29T10:18:32+08:00] completed /home/panzihang/src/prism_max/results/prism_max_five_method_strict_response_warm1_nodefer_r1_20260828_v2/subj/k025_promixed_k4_nodefer_warm1_response_r1
[2026-08-29T10:18:32+08:00] accepted validated output after runner status 0
[2026-08-29T10:18:33+08:00] launch subj k025 as_lru as k025_as_lru_fp16_nodefer_warm1_response_r1
[2026-08-29T10:18:39+08:00] as_lru/fp16 subj kfull on GPU 2; deferred=false adaptive_coverage=false
Pcache CPU budget is fixed at 131 MiB; selector-index memory is additive and reported separately.
[2026-08-29T11:17:02+08:00] completed /home/panzihang/src/prism_max/results/prism_max_five_method_strict_response_warm1_nodefer_r1_20260828_v2/subj/k025_as_lru_fp16_nodefer_warm1_response_r1
[2026-08-29T11:17:03+08:00] accepted validated output after runner status 0
[2026-08-29T11:17:04+08:00] launch subj k025 as_h2o_lru as k025_as_h2o_lru_fp16_nodefer_warm1_response_r1
[2026-08-29T11:17:10+08:00] as_h2o_lru/fp16 subj k025 on GPU 2; deferred=false adaptive_coverage=false
Pcache CPU budget is fixed at 131 MiB; selector-index memory is additive and reported separately.
[2026-08-29T12:25:23+08:00] completed /home/panzihang/src/prism_max/results/prism_max_five_method_strict_response_warm1_nodefer_r1_20260828_v2/subj/k025_as_h2o_lru_fp16_nodefer_warm1_response_r1
[2026-08-29T12:25:23+08:00] accepted validated output after runner status 0
[2026-08-29T12:25:25+08:00] launch subj k025 impress as k025_impress_fp16_nodefer_warm1_response_r1
[2026-08-29T12:25:30+08:00] impress/fp16 subj k025 on GPU 2; deferred=false adaptive_coverage=false
Pcache CPU budget is fixed at 131 MiB; selector-index memory is additive and reported separately.
[2026-08-29T12:54:14+08:00] completed /home/panzihang/src/prism_max/results/prism_max_five_method_strict_response_warm1_nodefer_r1_20260828_v2/subj/k025_impress_fp16_nodefer_warm1_response_r1
[2026-08-29T12:54:15+08:00] accepted validated output after runner status 0
[2026-08-29T12:54:16+08:00] launch subj k050 promixed as k050_promixed_k4_nodefer_warm1_response_r1
[2026-08-29T12:54:22+08:00] promixed/k4 subj k050 on GPU 2; deferred=false adaptive_coverage=false
Pcache CPU budget is fixed at 131 MiB; selector-index memory is additive and reported separately.
[2026-08-29T13:10:00+08:00] completed /home/panzihang/src/prism_max/results/prism_max_five_method_strict_response_warm1_nodefer_r1_20260828_v2/subj/k050_promixed_k4_nodefer_warm1_response_r1
[2026-08-29T13:10:00+08:00] accepted validated output after runner status 0
[2026-08-29T13:10:02+08:00] launch subj k050 as_lru as k050_as_lru_fp16_nodefer_warm1_response_r1
[2026-08-29T13:10:07+08:00] as_lru/fp16 subj kfull on GPU 2; deferred=false adaptive_coverage=false
Pcache CPU budget is fixed at 131 MiB; selector-index memory is additive and reported separately.
[2026-08-29T14:08:29+08:00] completed /home/panzihang/src/prism_max/results/prism_max_five_method_strict_response_warm1_nodefer_r1_20260828_v2/subj/k050_as_lru_fp16_nodefer_warm1_response_r1
[2026-08-29T14:08:29+08:00] accepted validated output after runner status 0
[2026-08-29T14:08:30+08:00] launch subj k050 as_h2o_lru as k050_as_h2o_lru_fp16_nodefer_warm1_response_r1
[2026-08-29T14:08:36+08:00] as_h2o_lru/fp16 subj k050 on GPU 2; deferred=false adaptive_coverage=false
Pcache CPU budget is fixed at 131 MiB; selector-index memory is additive and reported separately.
[2026-08-29T15:24:19+08:00] completed /home/panzihang/src/prism_max/results/prism_max_five_method_strict_response_warm1_nodefer_r1_20260828_v2/subj/k050_as_h2o_lru_fp16_nodefer_warm1_response_r1
[2026-08-29T15:24:19+08:00] accepted validated output after runner status 0
[2026-08-29T15:24:20+08:00] launch subj k050 impress as k050_impress_fp16_nodefer_warm1_response_r1
[2026-08-29T15:24:26+08:00] impress/fp16 subj k050 on GPU 2; deferred=false adaptive_coverage=false
Pcache CPU budget is fixed at 131 MiB; selector-index memory is additive and reported separately.
[2026-08-29T16:05:54+08:00] completed /home/panzihang/src/prism_max/results/prism_max_five_method_strict_response_warm1_nodefer_r1_20260828_v2/subj/k050_impress_fp16_nodefer_warm1_response_r1
[2026-08-29T16:05:55+08:00] accepted validated output after runner status 0
[2026-08-29T16:05:56+08:00] launch subj k050 contigkv as k050_contigkv_fp16_nodefer_warm1_response_r1
[2026-08-29T16:06:01+08:00] contigkv/fp16 subj k050 on GPU 2; deferred=false adaptive_coverage=false
Pcache CPU budget is fixed at 131 MiB; selector-index memory is additive and reported separately.
[2026-08-29T16:23:04+08:00] completed /home/panzihang/src/prism_max/results/prism_max_five_method_strict_response_warm1_nodefer_r1_20260828_v2/subj/k050_contigkv_fp16_nodefer_warm1_response_r1
[2026-08-29T16:23:04+08:00] accepted validated output after runner status 0
[2026-08-29T16:23:05+08:00] launch trec k005 as_lru as k005_as_lru_fp16_nodefer_warm1_response_r1
[2026-08-29T16:23:11+08:00] as_lru/fp16 trec kfull on GPU 2; deferred=false adaptive_coverage=false
Pcache CPU budget is fixed at 131 MiB; selector-index memory is additive and reported separately.
[2026-08-29T17:14:42+08:00] completed /home/panzihang/src/prism_max/results/prism_max_five_method_strict_response_warm1_nodefer_r1_20260828_v2/trec/k005_as_lru_fp16_nodefer_warm1_response_r1
[2026-08-29T17:14:43+08:00] accepted validated output after runner status 0
[2026-08-29T17:14:44+08:00] launch trec k005 as_h2o_lru as k005_as_h2o_lru_fp16_nodefer_warm1_response_r1
[2026-08-29T17:14:50+08:00] as_h2o_lru/fp16 trec k005 on GPU 2; deferred=false adaptive_coverage=false
Pcache CPU budget is fixed at 131 MiB; selector-index memory is additive and reported separately.
[2026-08-29T17:49:59+08:00] completed /home/panzihang/src/prism_max/results/prism_max_five_method_strict_response_warm1_nodefer_r1_20260828_v2/trec/k005_as_h2o_lru_fp16_nodefer_warm1_response_r1
[2026-08-29T17:49:59+08:00] accepted validated output after runner status 0
[2026-08-29T17:50:01+08:00] launch trec k005 impress as k005_impress_fp16_nodefer_warm1_response_r1
[2026-08-29T17:50:06+08:00] impress/fp16 trec k005 on GPU 2; deferred=false adaptive_coverage=false
Pcache CPU budget is fixed at 131 MiB; selector-index memory is additive and reported separately.
[2026-08-29T18:01:15+08:00] completed /home/panzihang/src/prism_max/results/prism_max_five_method_strict_response_warm1_nodefer_r1_20260828_v2/trec/k005_impress_fp16_nodefer_warm1_response_r1
[2026-08-29T18:01:15+08:00] accepted validated output after runner status 0
[2026-08-29T18:01:16+08:00] launch trec k005 contigkv as k005_contigkv_fp16_nodefer_warm1_response_r1
[2026-08-29T18:01:22+08:00] contigkv/fp16 trec k005 on GPU 2; deferred=false adaptive_coverage=false
Pcache CPU budget is fixed at 131 MiB; selector-index memory is additive and reported separately.
[2026-08-29T18:05:32+08:00] completed /home/panzihang/src/prism_max/results/prism_max_five_method_strict_response_warm1_nodefer_r1_20260828_v2/trec/k005_contigkv_fp16_nodefer_warm1_response_r1
[2026-08-29T18:05:32+08:00] accepted validated output after runner status 0
[2026-08-29T18:05:34+08:00] launch trec k005 promixed as k005_promixed_k4_nodefer_warm1_response_r1
[2026-08-29T18:05:39+08:00] promixed/k4 trec k005 on GPU 2; deferred=false adaptive_coverage=false
Pcache CPU budget is fixed at 131 MiB; selector-index memory is additive and reported separately.
[2026-08-29T18:08:48+08:00] completed /home/panzihang/src/prism_max/results/prism_max_five_method_strict_response_warm1_nodefer_r1_20260828_v2/trec/k005_promixed_k4_nodefer_warm1_response_r1
[2026-08-29T18:08:49+08:00] accepted validated output after runner status 0
[2026-08-29T18:08:50+08:00] launch trec k010 as_h2o_lru as k010_as_h2o_lru_fp16_nodefer_warm1_response_r1
[2026-08-29T18:08:56+08:00] as_h2o_lru/fp16 trec k010 on GPU 2; deferred=false adaptive_coverage=false
Pcache CPU budget is fixed at 131 MiB; selector-index memory is additive and reported separately.
[2026-08-29T18:48:36+08:00] completed /home/panzihang/src/prism_max/results/prism_max_five_method_strict_response_warm1_nodefer_r1_20260828_v2/trec/k010_as_h2o_lru_fp16_nodefer_warm1_response_r1
[2026-08-29T18:48:36+08:00] accepted validated output after runner status 0
[2026-08-29T18:48:38+08:00] launch trec k010 impress as k010_impress_fp16_nodefer_warm1_response_r1
[2026-08-29T18:48:43+08:00] impress/fp16 trec k010 on GPU 2; deferred=false adaptive_coverage=false
Pcache CPU budget is fixed at 131 MiB; selector-index memory is additive and reported separately.
[2026-08-29T19:03:17+08:00] completed /home/panzihang/src/prism_max/results/prism_max_five_method_strict_response_warm1_nodefer_r1_20260828_v2/trec/k010_impress_fp16_nodefer_warm1_response_r1
[2026-08-29T19:03:17+08:00] accepted validated output after runner status 0
[2026-08-29T19:03:19+08:00] launch trec k010 contigkv as k010_contigkv_fp16_nodefer_warm1_response_r1
[2026-08-29T19:03:24+08:00] contigkv/fp16 trec k010 on GPU 2; deferred=false adaptive_coverage=false
Pcache CPU budget is fixed at 131 MiB; selector-index memory is additive and reported separately.
[2026-08-29T19:09:17+08:00] completed /home/panzihang/src/prism_max/results/prism_max_five_method_strict_response_warm1_nodefer_r1_20260828_v2/trec/k010_contigkv_fp16_nodefer_warm1_response_r1
[2026-08-29T19:09:17+08:00] accepted validated output after runner status 0
[2026-08-29T19:09:19+08:00] launch trec k010 promixed as k010_promixed_k4_nodefer_warm1_response_r1
[2026-08-29T19:09:24+08:00] promixed/k4 trec k010 on GPU 2; deferred=false adaptive_coverage=false
Pcache CPU budget is fixed at 131 MiB; selector-index memory is additive and reported separately.
[2026-08-29T19:12:46+08:00] completed /home/panzihang/src/prism_max/results/prism_max_five_method_strict_response_warm1_nodefer_r1_20260828_v2/trec/k010_promixed_k4_nodefer_warm1_response_r1
[2026-08-29T19:12:46+08:00] accepted validated output after runner status 0
[2026-08-29T19:12:47+08:00] launch trec k010 as_lru as k010_as_lru_fp16_nodefer_warm1_response_r1
[2026-08-29T19:12:53+08:00] as_lru/fp16 trec kfull on GPU 2; deferred=false adaptive_coverage=false
Pcache CPU budget is fixed at 131 MiB; selector-index memory is additive and reported separately.
[2026-08-29T19:48:34+08:00] completed /home/panzihang/src/prism_max/results/prism_max_five_method_strict_response_warm1_nodefer_r1_20260828_v2/trec/k010_as_lru_fp16_nodefer_warm1_response_r1
[2026-08-29T19:48:34+08:00] accepted validated output after runner status 0
[2026-08-29T19:48:36+08:00] launch trec k025 impress as k025_impress_fp16_nodefer_warm1_response_r1
[2026-08-29T19:48:41+08:00] impress/fp16 trec k025 on GPU 2; deferred=false adaptive_coverage=false
Pcache CPU budget is fixed at 131 MiB; selector-index memory is additive and reported separately.
[2026-08-29T20:10:26+08:00] completed /home/panzihang/src/prism_max/results/prism_max_five_method_strict_response_warm1_nodefer_r1_20260828_v2/trec/k025_impress_fp16_nodefer_warm1_response_r1
[2026-08-29T20:10:26+08:00] accepted validated output after runner status 0
[2026-08-29T20:10:27+08:00] launch trec k025 contigkv as k025_contigkv_fp16_nodefer_warm1_response_r1
[2026-08-29T20:10:33+08:00] contigkv/fp16 trec k025 on GPU 2; deferred=false adaptive_coverage=false
Pcache CPU budget is fixed at 131 MiB; selector-index memory is additive and reported separately.
[2026-08-29T20:18:38+08:00] completed /home/panzihang/src/prism_max/results/prism_max_five_method_strict_response_warm1_nodefer_r1_20260828_v2/trec/k025_contigkv_fp16_nodefer_warm1_response_r1
[2026-08-29T20:18:39+08:00] accepted validated output after runner status 0
[2026-08-29T20:18:40+08:00] launch trec k025 promixed as k025_promixed_k4_nodefer_warm1_response_r1
[2026-08-29T20:18:45+08:00] promixed/k4 trec k025 on GPU 2; deferred=false adaptive_coverage=false
Pcache CPU budget is fixed at 131 MiB; selector-index memory is additive and reported separately.
[2026-08-29T20:24:40+08:00] completed /home/panzihang/src/prism_max/results/prism_max_five_method_strict_response_warm1_nodefer_r1_20260828_v2/trec/k025_promixed_k4_nodefer_warm1_response_r1
[2026-08-29T20:24:40+08:00] accepted validated output after runner status 0
[2026-08-29T20:24:42+08:00] launch trec k025 as_lru as k025_as_lru_fp16_nodefer_warm1_response_r1
[2026-08-29T20:24:47+08:00] as_lru/fp16 trec kfull on GPU 2; deferred=false adaptive_coverage=false
Pcache CPU budget is fixed at 131 MiB; selector-index memory is additive and reported separately.
[2026-08-29T20:59:22+08:00] completed /home/panzihang/src/prism_max/results/prism_max_five_method_strict_response_warm1_nodefer_r1_20260828_v2/trec/k025_as_lru_fp16_nodefer_warm1_response_r1
[2026-08-29T20:59:22+08:00] accepted validated output after runner status 0
[2026-08-29T20:59:24+08:00] launch trec k025 as_h2o_lru as k025_as_h2o_lru_fp16_nodefer_warm1_response_r1
[2026-08-29T20:59:29+08:00] as_h2o_lru/fp16 trec k025 on GPU 2; deferred=false adaptive_coverage=false
Pcache CPU budget is fixed at 131 MiB; selector-index memory is additive and reported separately.
[2026-08-29T21:41:55+08:00] completed /home/panzihang/src/prism_max/results/prism_max_five_method_strict_response_warm1_nodefer_r1_20260828_v2/trec/k025_as_h2o_lru_fp16_nodefer_warm1_response_r1
[2026-08-29T21:41:55+08:00] accepted validated output after runner status 0
[2026-08-29T21:41:56+08:00] launch trec k050 contigkv as k050_contigkv_fp16_nodefer_warm1_response_r1
[2026-08-29T21:42:02+08:00] contigkv/fp16 trec k050 on GPU 2; deferred=false adaptive_coverage=false
Pcache CPU budget is fixed at 131 MiB; selector-index memory is additive and reported separately.
[2026-08-29T21:54:58+08:00] completed /home/panzihang/src/prism_max/results/prism_max_five_method_strict_response_warm1_nodefer_r1_20260828_v2/trec/k050_contigkv_fp16_nodefer_warm1_response_r1
[2026-08-29T21:54:58+08:00] accepted validated output after runner status 0
[2026-08-29T21:55:00+08:00] launch trec k050 promixed as k050_promixed_k4_nodefer_warm1_response_r1
[2026-08-29T21:55:05+08:00] promixed/k4 trec k050 on GPU 2; deferred=false adaptive_coverage=false
Pcache CPU budget is fixed at 131 MiB; selector-index memory is additive and reported separately.
[2026-08-29T22:04:47+08:00] completed /home/panzihang/src/prism_max/results/prism_max_five_method_strict_response_warm1_nodefer_r1_20260828_v2/trec/k050_promixed_k4_nodefer_warm1_response_r1
[2026-08-29T22:04:47+08:00] accepted validated output after runner status 0
[2026-08-29T22:04:49+08:00] launch trec k050 as_lru as k050_as_lru_fp16_nodefer_warm1_response_r1
[2026-08-29T22:04:54+08:00] as_lru/fp16 trec kfull on GPU 2; deferred=false adaptive_coverage=false
Pcache CPU budget is fixed at 131 MiB; selector-index memory is additive and reported separately.
[2026-08-29T22:38:54+08:00] completed /home/panzihang/src/prism_max/results/prism_max_five_method_strict_response_warm1_nodefer_r1_20260828_v2/trec/k050_as_lru_fp16_nodefer_warm1_response_r1
[2026-08-29T22:38:54+08:00] accepted validated output after runner status 0
[2026-08-29T22:38:55+08:00] launch trec k050 as_h2o_lru as k050_as_h2o_lru_fp16_nodefer_warm1_response_r1
[2026-08-29T22:39:01+08:00] as_h2o_lru/fp16 trec k050 on GPU 2; deferred=false adaptive_coverage=false
Pcache CPU budget is fixed at 131 MiB; selector-index memory is additive and reported separately.
[2026-08-29T23:21:42+08:00] completed /home/panzihang/src/prism_max/results/prism_max_five_method_strict_response_warm1_nodefer_r1_20260828_v2/trec/k050_as_h2o_lru_fp16_nodefer_warm1_response_r1
[2026-08-29T23:21:42+08:00] accepted validated output after runner status 0
[2026-08-29T23:21:44+08:00] launch trec k050 impress as k050_impress_fp16_nodefer_warm1_response_r1
[2026-08-29T23:21:49+08:00] impress/fp16 trec k050 on GPU 2; deferred=false adaptive_coverage=false
Pcache CPU budget is fixed at 131 MiB; selector-index memory is additive and reported separately.
[2026-08-29T23:46:52+08:00] completed /home/panzihang/src/prism_max/results/prism_max_five_method_strict_response_warm1_nodefer_r1_20260828_v2/trec/k050_impress_fp16_nodefer_warm1_response_r1
[2026-08-29T23:46:52+08:00] accepted validated output after runner status 0
[2026-08-29T23:46:54+08:00] launch rte k005 promixed as k005_promixed_k4_nodefer_warm1_response_r1
[2026-08-29T23:46:59+08:00] promixed/k4 rte k005 on GPU 2; deferred=false adaptive_coverage=false
Pcache CPU budget is fixed at 131 MiB; selector-index memory is additive and reported separately.
[2026-08-29T23:49:26+08:00] completed /home/panzihang/src/prism_max/results/prism_max_five_method_strict_response_warm1_nodefer_r1_20260828_v2/rte/k005_promixed_k4_nodefer_warm1_response_r1
[2026-08-29T23:49:26+08:00] accepted validated output after runner status 0
[2026-08-29T23:49:27+08:00] launch rte k005 as_lru as k005_as_lru_fp16_nodefer_warm1_response_r1
[2026-08-29T23:49:33+08:00] as_lru/fp16 rte kfull on GPU 2; deferred=false adaptive_coverage=false
Pcache CPU budget is fixed at 131 MiB; selector-index memory is additive and reported separately.
[2026-08-30T00:25:31+08:00] completed /home/panzihang/src/prism_max/results/prism_max_five_method_strict_response_warm1_nodefer_r1_20260828_v2/rte/k005_as_lru_fp16_nodefer_warm1_response_r1
[2026-08-30T00:25:31+08:00] accepted validated output after runner status 0
[2026-08-30T00:25:33+08:00] launch rte k005 as_h2o_lru as k005_as_h2o_lru_fp16_nodefer_warm1_response_r1
[2026-08-30T00:25:38+08:00] as_h2o_lru/fp16 rte k005 on GPU 2; deferred=false adaptive_coverage=false
Pcache CPU budget is fixed at 131 MiB; selector-index memory is additive and reported separately.
[2026-08-30T00:51:00+08:00] completed /home/panzihang/src/prism_max/results/prism_max_five_method_strict_response_warm1_nodefer_r1_20260828_v2/rte/k005_as_h2o_lru_fp16_nodefer_warm1_response_r1
[2026-08-30T00:51:01+08:00] accepted validated output after runner status 0
[2026-08-30T00:51:02+08:00] launch rte k005 impress as k005_impress_fp16_nodefer_warm1_response_r1
[2026-08-30T00:51:08+08:00] impress/fp16 rte k005 on GPU 2; deferred=false adaptive_coverage=false
Pcache CPU budget is fixed at 131 MiB; selector-index memory is additive and reported separately.
[2026-08-30T00:59:02+08:00] completed /home/panzihang/src/prism_max/results/prism_max_five_method_strict_response_warm1_nodefer_r1_20260828_v2/rte/k005_impress_fp16_nodefer_warm1_response_r1
[2026-08-30T00:59:02+08:00] accepted validated output after runner status 0
[2026-08-30T00:59:04+08:00] launch rte k005 contigkv as k005_contigkv_fp16_nodefer_warm1_response_r1
[2026-08-30T00:59:09+08:00] contigkv/fp16 rte k005 on GPU 2; deferred=false adaptive_coverage=false
Pcache CPU budget is fixed at 131 MiB; selector-index memory is additive and reported separately.
[2026-08-30T01:01:59+08:00] completed /home/panzihang/src/prism_max/results/prism_max_five_method_strict_response_warm1_nodefer_r1_20260828_v2/rte/k005_contigkv_fp16_nodefer_warm1_response_r1
[2026-08-30T01:01:59+08:00] accepted validated output after runner status 0
[2026-08-30T01:02:01+08:00] launch rte k010 as_lru as k010_as_lru_fp16_nodefer_warm1_response_r1
[2026-08-30T01:02:06+08:00] as_lru/fp16 rte kfull on GPU 2; deferred=false adaptive_coverage=false
Pcache CPU budget is fixed at 131 MiB; selector-index memory is additive and reported separately.
[2026-08-30T01:31:30+08:00] completed /home/panzihang/src/prism_max/results/prism_max_five_method_strict_response_warm1_nodefer_r1_20260828_v2/rte/k010_as_lru_fp16_nodefer_warm1_response_r1
[2026-08-30T01:31:30+08:00] accepted validated output after runner status 0
[2026-08-30T01:31:32+08:00] launch rte k010 as_h2o_lru as k010_as_h2o_lru_fp16_nodefer_warm1_response_r1
[2026-08-30T01:31:37+08:00] as_h2o_lru/fp16 rte k010 on GPU 2; deferred=false adaptive_coverage=false
Pcache CPU budget is fixed at 131 MiB; selector-index memory is additive and reported separately.
[2026-08-30T01:58:28+08:00] completed /home/panzihang/src/prism_max/results/prism_max_five_method_strict_response_warm1_nodefer_r1_20260828_v2/rte/k010_as_h2o_lru_fp16_nodefer_warm1_response_r1
[2026-08-30T01:58:28+08:00] accepted validated output after runner status 0
[2026-08-30T01:58:30+08:00] launch rte k010 impress as k010_impress_fp16_nodefer_warm1_response_r1
[2026-08-30T01:58:35+08:00] impress/fp16 rte k010 on GPU 2; deferred=false adaptive_coverage=false
Pcache CPU budget is fixed at 131 MiB; selector-index memory is additive and reported separately.
[2026-08-30T02:09:57+08:00] completed /home/panzihang/src/prism_max/results/prism_max_five_method_strict_response_warm1_nodefer_r1_20260828_v2/rte/k010_impress_fp16_nodefer_warm1_response_r1
[2026-08-30T02:09:57+08:00] accepted validated output after runner status 0
[2026-08-30T02:09:59+08:00] launch rte k010 contigkv as k010_contigkv_fp16_nodefer_warm1_response_r1
[2026-08-30T02:10:04+08:00] contigkv/fp16 rte k010 on GPU 2; deferred=false adaptive_coverage=false
Pcache CPU budget is fixed at 131 MiB; selector-index memory is additive and reported separately.
[2026-08-30T02:13:34+08:00] completed /home/panzihang/src/prism_max/results/prism_max_five_method_strict_response_warm1_nodefer_r1_20260828_v2/rte/k010_contigkv_fp16_nodefer_warm1_response_r1
[2026-08-30T02:13:34+08:00] accepted validated output after runner status 0
[2026-08-30T02:13:35+08:00] launch rte k010 promixed as k010_promixed_k4_nodefer_warm1_response_r1
[2026-08-30T02:13:41+08:00] promixed/k4 rte k010 on GPU 2; deferred=false adaptive_coverage=false
Pcache CPU budget is fixed at 131 MiB; selector-index memory is additive and reported separately.
[2026-08-30T02:16:54+08:00] completed /home/panzihang/src/prism_max/results/prism_max_five_method_strict_response_warm1_nodefer_r1_20260828_v2/rte/k010_promixed_k4_nodefer_warm1_response_r1
[2026-08-30T02:16:54+08:00] accepted validated output after runner status 0
[2026-08-30T02:16:56+08:00] launch rte k025 as_h2o_lru as k025_as_h2o_lru_fp16_nodefer_warm1_response_r1
[2026-08-30T02:17:01+08:00] as_h2o_lru/fp16 rte k025 on GPU 2; deferred=false adaptive_coverage=false
Pcache CPU budget is fixed at 131 MiB; selector-index memory is additive and reported separately.
[2026-08-30T02:44:47+08:00] completed /home/panzihang/src/prism_max/results/prism_max_five_method_strict_response_warm1_nodefer_r1_20260828_v2/rte/k025_as_h2o_lru_fp16_nodefer_warm1_response_r1
[2026-08-30T02:44:47+08:00] accepted validated output after runner status 0
[2026-08-30T02:44:48+08:00] launch rte k025 impress as k025_impress_fp16_nodefer_warm1_response_r1
[2026-08-30T02:44:53+08:00] impress/fp16 rte k025 on GPU 2; deferred=false adaptive_coverage=false
Pcache CPU budget is fixed at 131 MiB; selector-index memory is additive and reported separately.
[2026-08-30T03:01:36+08:00] completed /home/panzihang/src/prism_max/results/prism_max_five_method_strict_response_warm1_nodefer_r1_20260828_v2/rte/k025_impress_fp16_nodefer_warm1_response_r1
[2026-08-30T03:01:36+08:00] accepted validated output after runner status 0
[2026-08-30T03:01:38+08:00] launch rte k025 contigkv as k025_contigkv_fp16_nodefer_warm1_response_r1
[2026-08-30T03:01:43+08:00] contigkv/fp16 rte k025 on GPU 2; deferred=false adaptive_coverage=false
Pcache CPU budget is fixed at 131 MiB; selector-index memory is additive and reported separately.
[2026-08-30T03:07:22+08:00] completed /home/panzihang/src/prism_max/results/prism_max_five_method_strict_response_warm1_nodefer_r1_20260828_v2/rte/k025_contigkv_fp16_nodefer_warm1_response_r1
[2026-08-30T03:07:22+08:00] accepted validated output after runner status 0
[2026-08-30T03:07:23+08:00] launch rte k025 promixed as k025_promixed_k4_nodefer_warm1_response_r1
[2026-08-30T03:07:29+08:00] promixed/k4 rte k025 on GPU 2; deferred=false adaptive_coverage=false
Pcache CPU budget is fixed at 131 MiB; selector-index memory is additive and reported separately.
[2026-08-30T03:12:31+08:00] completed /home/panzihang/src/prism_max/results/prism_max_five_method_strict_response_warm1_nodefer_r1_20260828_v2/rte/k025_promixed_k4_nodefer_warm1_response_r1
[2026-08-30T03:12:31+08:00] accepted validated output after runner status 0
[2026-08-30T03:12:33+08:00] launch rte k025 as_lru as k025_as_lru_fp16_nodefer_warm1_response_r1
[2026-08-30T03:12:38+08:00] as_lru/fp16 rte kfull on GPU 2; deferred=false adaptive_coverage=false
Pcache CPU budget is fixed at 131 MiB; selector-index memory is additive and reported separately.
[2026-08-30T03:37:37+08:00] completed /home/panzihang/src/prism_max/results/prism_max_five_method_strict_response_warm1_nodefer_r1_20260828_v2/rte/k025_as_lru_fp16_nodefer_warm1_response_r1
[2026-08-30T03:37:37+08:00] accepted validated output after runner status 0
[2026-08-30T03:37:38+08:00] launch rte k050 impress as k050_impress_fp16_nodefer_warm1_response_r1
[2026-08-30T03:37:44+08:00] impress/fp16 rte k050 on GPU 2; deferred=false adaptive_coverage=false
Pcache CPU budget is fixed at 131 MiB; selector-index memory is additive and reported separately.
[2026-08-30T03:59:03+08:00] completed /home/panzihang/src/prism_max/results/prism_max_five_method_strict_response_warm1_nodefer_r1_20260828_v2/rte/k050_impress_fp16_nodefer_warm1_response_r1
[2026-08-30T03:59:03+08:00] accepted validated output after runner status 0
[2026-08-30T03:59:05+08:00] launch rte k050 contigkv as k050_contigkv_fp16_nodefer_warm1_response_r1
[2026-08-30T03:59:10+08:00] contigkv/fp16 rte k050 on GPU 2; deferred=false adaptive_coverage=false
Pcache CPU budget is fixed at 131 MiB; selector-index memory is additive and reported separately.
[2026-08-30T04:11:04+08:00] completed /home/panzihang/src/prism_max/results/prism_max_five_method_strict_response_warm1_nodefer_r1_20260828_v2/rte/k050_contigkv_fp16_nodefer_warm1_response_r1
[2026-08-30T04:11:04+08:00] accepted validated output after runner status 0
[2026-08-30T04:11:06+08:00] launch rte k050 promixed as k050_promixed_k4_nodefer_warm1_response_r1
[2026-08-30T04:11:11+08:00] promixed/k4 rte k050 on GPU 2; deferred=false adaptive_coverage=false
Pcache CPU budget is fixed at 131 MiB; selector-index memory is additive and reported separately.
[2026-08-30T04:20:28+08:00] completed /home/panzihang/src/prism_max/results/prism_max_five_method_strict_response_warm1_nodefer_r1_20260828_v2/rte/k050_promixed_k4_nodefer_warm1_response_r1
[2026-08-30T04:20:28+08:00] accepted validated output after runner status 0
[2026-08-30T04:20:29+08:00] launch rte k050 as_lru as k050_as_lru_fp16_nodefer_warm1_response_r1
[2026-08-30T04:20:35+08:00] as_lru/fp16 rte kfull on GPU 2; deferred=false adaptive_coverage=false
Pcache CPU budget is fixed at 131 MiB; selector-index memory is additive and reported separately.
[2026-08-30T04:45:34+08:00] completed /home/panzihang/src/prism_max/results/prism_max_five_method_strict_response_warm1_nodefer_r1_20260828_v2/rte/k050_as_lru_fp16_nodefer_warm1_response_r1
[2026-08-30T04:45:34+08:00] accepted validated output after runner status 0
[2026-08-30T04:45:35+08:00] launch rte k050 as_h2o_lru as k050_as_h2o_lru_fp16_nodefer_warm1_response_r1
[2026-08-30T04:45:41+08:00] as_h2o_lru/fp16 rte k050 on GPU 2; deferred=false adaptive_coverage=false
Pcache CPU budget is fixed at 131 MiB; selector-index memory is additive and reported separately.
[2026-08-30T05:14:51+08:00] completed /home/panzihang/src/prism_max/results/prism_max_five_method_strict_response_warm1_nodefer_r1_20260828_v2/rte/k050_as_h2o_lru_fp16_nodefer_warm1_response_r1
[2026-08-30T05:14:51+08:00] accepted validated output after runner status 0
/home/panzihang/src/prism_max/results/prism_max_five_method_strict_response_warm1_nodefer_r1_20260828_v2/.analysis_candidate.13956/five_method.json
/home/panzihang/src/prism_max/results/prism_max_five_method_strict_response_warm1_nodefer_r1_20260828_v2/.analysis_candidate.13956/five_method.md
[2026-08-30T05:15:02+08:00] completed 80 independently timed cells
analysis: /home/panzihang/src/prism_max/results/prism_max_five_method_strict_response_warm1_nodefer_r1_20260828_v2/prism_max_five_method_strict_response_warm1_nodefer_r1.{json,md}
