nohup: ignoring input
[2026-09-02T02:05:12+08:00] promixed/k4 sst2 k010 on GPU 2; deferred=false adaptive_coverage=false
Pcache CPU budget is fixed at 131 MiB; selector-index memory is additive and reported separately.
[2026-09-02T02:05:59+08:00] completed /home/panzihang/src/prism_max/src/prism_gao/results/stage_c_v4_v4_20260902_0210/forward/sst2/k010_original_async_forward
[2026-09-02T02:06:04+08:00] promixed/k4 sst2 k010 on GPU 2; deferred=false adaptive_coverage=false
Pcache CPU budget is fixed at 131 MiB; selector-index memory is additive and reported separately.
[2026-09-02T02:06:53+08:00] completed /home/panzihang/src/prism_max/src/prism_gao/results/stage_c_v4_v4_20260902_0210/forward/sst2/k010_fp16_pipeline_forward
[2026-09-02T02:06:58+08:00] promixed/k4 sst2 k010 on GPU 2; deferred=false adaptive_coverage=false
Pcache CPU budget is fixed at 131 MiB; selector-index memory is additive and reported separately.
[2026-09-02T02:07:48+08:00] completed /home/panzihang/src/prism_max/src/prism_gao/results/stage_c_v4_v4_20260902_0210/forward/sst2/k010_naive_pipeline_forward
[2026-09-02T02:07:53+08:00] promixed/k4 sst2 k010 on GPU 2; deferred=false adaptive_coverage=false
Pcache CPU budget is fixed at 131 MiB; selector-index memory is additive and reported separately.
[2026-09-02T02:08:38+08:00] completed /home/panzihang/src/prism_max/src/prism_gao/results/stage_c_v4_v4_20260902_0210/forward/sst2/k010_coalesced_pipeline_forward
[2026-09-02T02:08:44+08:00] promixed/k4 sst2 k010 on GPU 2; deferred=false adaptive_coverage=false
Pcache CPU budget is fixed at 131 MiB; selector-index memory is additive and reported separately.
[2026-09-02T02:09:31+08:00] completed /home/panzihang/src/prism_max/src/prism_gao/results/stage_c_v4_v4_20260902_0210/reverse/sst2/k010_coalesced_pipeline_reverse
[2026-09-02T02:09:36+08:00] promixed/k4 sst2 k010 on GPU 2; deferred=false adaptive_coverage=false
Pcache CPU budget is fixed at 131 MiB; selector-index memory is additive and reported separately.
[2026-09-02T02:10:28+08:00] completed /home/panzihang/src/prism_max/src/prism_gao/results/stage_c_v4_v4_20260902_0210/reverse/sst2/k010_naive_pipeline_reverse
[2026-09-02T02:10:33+08:00] promixed/k4 sst2 k010 on GPU 2; deferred=false adaptive_coverage=false
Pcache CPU budget is fixed at 131 MiB; selector-index memory is additive and reported separately.
[2026-09-02T02:11:18+08:00] completed /home/panzihang/src/prism_max/src/prism_gao/results/stage_c_v4_v4_20260902_0210/reverse/sst2/k010_fp16_pipeline_reverse
[2026-09-02T02:11:23+08:00] promixed/k4 sst2 k010 on GPU 2; deferred=false adaptive_coverage=false
Pcache CPU budget is fixed at 131 MiB; selector-index memory is additive and reported separately.
[2026-09-02T02:12:11+08:00] completed /home/panzihang/src/prism_max/src/prism_gao/results/stage_c_v4_v4_20260902_0210/reverse/sst2/k010_original_async_reverse
[2026-09-02T02:12:17+08:00] promixed/k4 sst2 k050 on GPU 2; deferred=false adaptive_coverage=false
Pcache CPU budget is fixed at 131 MiB; selector-index memory is additive and reported separately.
[2026-09-02T02:13:48+08:00] completed /home/panzihang/src/prism_max/src/prism_gao/results/stage_c_v4_v4_20260902_0210/forward/sst2/k050_original_async_forward
[2026-09-02T02:13:54+08:00] promixed/k4 sst2 k050 on GPU 2; deferred=false adaptive_coverage=false
Pcache CPU budget is fixed at 131 MiB; selector-index memory is additive and reported separately.
[2026-09-02T02:15:02+08:00] completed /home/panzihang/src/prism_max/src/prism_gao/results/stage_c_v4_v4_20260902_0210/forward/sst2/k050_fp16_pipeline_forward
[2026-09-02T02:15:08+08:00] promixed/k4 sst2 k050 on GPU 2; deferred=false adaptive_coverage=false
Pcache CPU budget is fixed at 131 MiB; selector-index memory is additive and reported separately.
[2026-09-02T02:16:24+08:00] completed /home/panzihang/src/prism_max/src/prism_gao/results/stage_c_v4_v4_20260902_0210/forward/sst2/k050_naive_pipeline_forward
[2026-09-02T02:16:29+08:00] promixed/k4 sst2 k050 on GPU 2; deferred=false adaptive_coverage=false
Pcache CPU budget is fixed at 131 MiB; selector-index memory is additive and reported separately.
[2026-09-02T02:17:34+08:00] completed /home/panzihang/src/prism_max/src/prism_gao/results/stage_c_v4_v4_20260902_0210/forward/sst2/k050_coalesced_pipeline_forward
[2026-09-02T02:17:40+08:00] promixed/k4 sst2 k050 on GPU 2; deferred=false adaptive_coverage=false
Pcache CPU budget is fixed at 131 MiB; selector-index memory is additive and reported separately.
[2026-09-02T02:18:55+08:00] completed /home/panzihang/src/prism_max/src/prism_gao/results/stage_c_v4_v4_20260902_0210/reverse/sst2/k050_coalesced_pipeline_reverse
[2026-09-02T02:19:00+08:00] promixed/k4 sst2 k050 on GPU 2; deferred=false adaptive_coverage=false
Pcache CPU budget is fixed at 131 MiB; selector-index memory is additive and reported separately.
[2026-09-02T02:20:16+08:00] completed /home/panzihang/src/prism_max/src/prism_gao/results/stage_c_v4_v4_20260902_0210/reverse/sst2/k050_naive_pipeline_reverse
[2026-09-02T02:20:21+08:00] promixed/k4 sst2 k050 on GPU 2; deferred=false adaptive_coverage=false
Pcache CPU budget is fixed at 131 MiB; selector-index memory is additive and reported separately.
[2026-09-02T02:21:27+08:00] completed /home/panzihang/src/prism_max/src/prism_gao/results/stage_c_v4_v4_20260902_0210/reverse/sst2/k050_fp16_pipeline_reverse
[2026-09-02T02:21:32+08:00] promixed/k4 sst2 k050 on GPU 2; deferred=false adaptive_coverage=false
Pcache CPU budget is fixed at 131 MiB; selector-index memory is additive and reported separately.
[2026-09-02T02:23:04+08:00] completed /home/panzihang/src/prism_max/src/prism_gao/results/stage_c_v4_v4_20260902_0210/reverse/sst2/k050_original_async_reverse
[2026-09-02T02:23:09+08:00] promixed/k4 subj k010 on GPU 2; deferred=false adaptive_coverage=false
Pcache CPU budget is fixed at 131 MiB; selector-index memory is additive and reported separately.
[2026-09-02T02:24:17+08:00] completed /home/panzihang/src/prism_max/src/prism_gao/results/stage_c_v4_v4_20260902_0210/forward/subj/k010_original_async_forward
[2026-09-02T02:24:22+08:00] promixed/k4 subj k010 on GPU 2; deferred=false adaptive_coverage=false
Pcache CPU budget is fixed at 131 MiB; selector-index memory is additive and reported separately.
[2026-09-02T02:25:20+08:00] completed /home/panzihang/src/prism_max/src/prism_gao/results/stage_c_v4_v4_20260902_0210/forward/subj/k010_fp16_pipeline_forward
[2026-09-02T02:25:26+08:00] promixed/k4 subj k010 on GPU 2; deferred=false adaptive_coverage=false
Pcache CPU budget is fixed at 131 MiB; selector-index memory is additive and reported separately.
[2026-09-02T02:26:26+08:00] completed /home/panzihang/src/prism_max/src/prism_gao/results/stage_c_v4_v4_20260902_0210/forward/subj/k010_naive_pipeline_forward
[2026-09-02T02:26:32+08:00] promixed/k4 subj k010 on GPU 2; deferred=false adaptive_coverage=false
Pcache CPU budget is fixed at 131 MiB; selector-index memory is additive and reported separately.
[2026-09-02T02:27:37+08:00] completed /home/panzihang/src/prism_max/src/prism_gao/results/stage_c_v4_v4_20260902_0210/forward/subj/k010_coalesced_pipeline_forward
[2026-09-02T02:27:42+08:00] promixed/k4 subj k010 on GPU 2; deferred=false adaptive_coverage=false
Pcache CPU budget is fixed at 131 MiB; selector-index memory is additive and reported separately.
[2026-09-02T02:28:45+08:00] completed /home/panzihang/src/prism_max/src/prism_gao/results/stage_c_v4_v4_20260902_0210/reverse/subj/k010_coalesced_pipeline_reverse
[2026-09-02T02:28:50+08:00] promixed/k4 subj k010 on GPU 2; deferred=false adaptive_coverage=false
Pcache CPU budget is fixed at 131 MiB; selector-index memory is additive and reported separately.
[2026-09-02T02:29:49+08:00] completed /home/panzihang/src/prism_max/src/prism_gao/results/stage_c_v4_v4_20260902_0210/reverse/subj/k010_naive_pipeline_reverse
[2026-09-02T02:29:55+08:00] promixed/k4 subj k010 on GPU 2; deferred=false adaptive_coverage=false
Pcache CPU budget is fixed at 131 MiB; selector-index memory is additive and reported separately.
[2026-09-02T02:30:53+08:00] completed /home/panzihang/src/prism_max/src/prism_gao/results/stage_c_v4_v4_20260902_0210/reverse/subj/k010_fp16_pipeline_reverse
[2026-09-02T02:30:58+08:00] promixed/k4 subj k010 on GPU 2; deferred=false adaptive_coverage=false
Pcache CPU budget is fixed at 131 MiB; selector-index memory is additive and reported separately.
[2026-09-02T02:32:04+08:00] completed /home/panzihang/src/prism_max/src/prism_gao/results/stage_c_v4_v4_20260902_0210/reverse/subj/k010_original_async_reverse
[2026-09-02T02:32:09+08:00] promixed/k4 subj k050 on GPU 2; deferred=false adaptive_coverage=false
Pcache CPU budget is fixed at 131 MiB; selector-index memory is additive and reported separately.
[2026-09-02T02:33:51+08:00] completed /home/panzihang/src/prism_max/src/prism_gao/results/stage_c_v4_v4_20260902_0210/forward/subj/k050_original_async_forward
[2026-09-02T02:33:56+08:00] promixed/k4 subj k050 on GPU 2; deferred=false adaptive_coverage=false
Pcache CPU budget is fixed at 131 MiB; selector-index memory is additive and reported separately.
[2026-09-02T02:35:16+08:00] completed /home/panzihang/src/prism_max/src/prism_gao/results/stage_c_v4_v4_20260902_0210/forward/subj/k050_fp16_pipeline_forward
[2026-09-02T02:35:21+08:00] promixed/k4 subj k050 on GPU 2; deferred=false adaptive_coverage=false
Pcache CPU budget is fixed at 131 MiB; selector-index memory is additive and reported separately.
[2026-09-02T02:36:57+08:00] completed /home/panzihang/src/prism_max/src/prism_gao/results/stage_c_v4_v4_20260902_0210/forward/subj/k050_naive_pipeline_forward
[2026-09-02T02:37:02+08:00] promixed/k4 subj k050 on GPU 2; deferred=false adaptive_coverage=false
Pcache CPU budget is fixed at 131 MiB; selector-index memory is additive and reported separately.
[2026-09-02T02:38:23+08:00] completed /home/panzihang/src/prism_max/src/prism_gao/results/stage_c_v4_v4_20260902_0210/forward/subj/k050_coalesced_pipeline_forward
[2026-09-02T02:38:29+08:00] promixed/k4 subj k050 on GPU 2; deferred=false adaptive_coverage=false
Pcache CPU budget is fixed at 131 MiB; selector-index memory is additive and reported separately.
[2026-09-02T02:39:46+08:00] completed /home/panzihang/src/prism_max/src/prism_gao/results/stage_c_v4_v4_20260902_0210/reverse/subj/k050_coalesced_pipeline_reverse
[2026-09-02T02:39:52+08:00] promixed/k4 subj k050 on GPU 2; deferred=false adaptive_coverage=false
Pcache CPU budget is fixed at 131 MiB; selector-index memory is additive and reported separately.
[2026-09-02T02:41:22+08:00] completed /home/panzihang/src/prism_max/src/prism_gao/results/stage_c_v4_v4_20260902_0210/reverse/subj/k050_naive_pipeline_reverse
[2026-09-02T02:41:28+08:00] promixed/k4 subj k050 on GPU 2; deferred=false adaptive_coverage=false
Pcache CPU budget is fixed at 131 MiB; selector-index memory is additive and reported separately.
[2026-09-02T02:42:45+08:00] completed /home/panzihang/src/prism_max/src/prism_gao/results/stage_c_v4_v4_20260902_0210/reverse/subj/k050_fp16_pipeline_reverse
[2026-09-02T02:42:50+08:00] promixed/k4 subj k050 on GPU 2; deferred=false adaptive_coverage=false
Pcache CPU budget is fixed at 131 MiB; selector-index memory is additive and reported separately.
[2026-09-02T02:44:39+08:00] completed /home/panzihang/src/prism_max/src/prism_gao/results/stage_c_v4_v4_20260902_0210/reverse/subj/k050_original_async_reverse
[2026-09-02T02:44:45+08:00] promixed/k4 trec k010 on GPU 2; deferred=false adaptive_coverage=false
Pcache CPU budget is fixed at 131 MiB; selector-index memory is additive and reported separately.
[2026-09-02T02:45:42+08:00] completed /home/panzihang/src/prism_max/src/prism_gao/results/stage_c_v4_v4_20260902_0210/forward/trec/k010_original_async_forward
[2026-09-02T02:45:48+08:00] promixed/k4 trec k010 on GPU 2; deferred=false adaptive_coverage=false
Pcache CPU budget is fixed at 131 MiB; selector-index memory is additive and reported separately.
[2026-09-02T02:46:43+08:00] completed /home/panzihang/src/prism_max/src/prism_gao/results/stage_c_v4_v4_20260902_0210/forward/trec/k010_fp16_pipeline_forward
[2026-09-02T02:46:48+08:00] promixed/k4 trec k010 on GPU 2; deferred=false adaptive_coverage=false
Pcache CPU budget is fixed at 131 MiB; selector-index memory is additive and reported separately.
[2026-09-02T02:47:46+08:00] completed /home/panzihang/src/prism_max/src/prism_gao/results/stage_c_v4_v4_20260902_0210/forward/trec/k010_naive_pipeline_forward
[2026-09-02T02:47:52+08:00] promixed/k4 trec k010 on GPU 2; deferred=false adaptive_coverage=false
Pcache CPU budget is fixed at 131 MiB; selector-index memory is additive and reported separately.
[2026-09-02T02:48:53+08:00] completed /home/panzihang/src/prism_max/src/prism_gao/results/stage_c_v4_v4_20260902_0210/forward/trec/k010_coalesced_pipeline_forward
[2026-09-02T02:48:58+08:00] promixed/k4 trec k010 on GPU 2; deferred=false adaptive_coverage=false
Pcache CPU budget is fixed at 131 MiB; selector-index memory is additive and reported separately.
[2026-09-02T02:49:55+08:00] completed /home/panzihang/src/prism_max/src/prism_gao/results/stage_c_v4_v4_20260902_0210/reverse/trec/k010_coalesced_pipeline_reverse
[2026-09-02T02:50:00+08:00] promixed/k4 trec k010 on GPU 2; deferred=false adaptive_coverage=false
Pcache CPU budget is fixed at 131 MiB; selector-index memory is additive and reported separately.
[2026-09-02T02:50:59+08:00] completed /home/panzihang/src/prism_max/src/prism_gao/results/stage_c_v4_v4_20260902_0210/reverse/trec/k010_naive_pipeline_reverse
[2026-09-02T02:51:04+08:00] promixed/k4 trec k010 on GPU 2; deferred=false adaptive_coverage=false
Pcache CPU budget is fixed at 131 MiB; selector-index memory is additive and reported separately.
[2026-09-02T02:52:04+08:00] completed /home/panzihang/src/prism_max/src/prism_gao/results/stage_c_v4_v4_20260902_0210/reverse/trec/k010_fp16_pipeline_reverse
[2026-09-02T02:52:10+08:00] promixed/k4 trec k010 on GPU 2; deferred=false adaptive_coverage=false
Pcache CPU budget is fixed at 131 MiB; selector-index memory is additive and reported separately.
[2026-09-02T02:53:10+08:00] completed /home/panzihang/src/prism_max/src/prism_gao/results/stage_c_v4_v4_20260902_0210/reverse/trec/k010_original_async_reverse
[2026-09-02T02:53:16+08:00] promixed/k4 trec k050 on GPU 2; deferred=false adaptive_coverage=false
Pcache CPU budget is fixed at 131 MiB; selector-index memory is additive and reported separately.
[2026-09-02T02:55:10+08:00] completed /home/panzihang/src/prism_max/src/prism_gao/results/stage_c_v4_v4_20260902_0210/forward/trec/k050_original_async_forward
[2026-09-02T02:55:16+08:00] promixed/k4 trec k050 on GPU 2; deferred=false adaptive_coverage=false
Pcache CPU budget is fixed at 131 MiB; selector-index memory is additive and reported separately.
[2026-09-02T02:56:46+08:00] completed /home/panzihang/src/prism_max/src/prism_gao/results/stage_c_v4_v4_20260902_0210/forward/trec/k050_fp16_pipeline_forward
[2026-09-02T02:56:51+08:00] promixed/k4 trec k050 on GPU 2; deferred=false adaptive_coverage=false
Pcache CPU budget is fixed at 131 MiB; selector-index memory is additive and reported separately.
[2026-09-02T02:58:28+08:00] completed /home/panzihang/src/prism_max/src/prism_gao/results/stage_c_v4_v4_20260902_0210/forward/trec/k050_naive_pipeline_forward
[2026-09-02T02:58:34+08:00] promixed/k4 trec k050 on GPU 2; deferred=false adaptive_coverage=false
Pcache CPU budget is fixed at 131 MiB; selector-index memory is additive and reported separately.
[2026-09-02T03:00:02+08:00] completed /home/panzihang/src/prism_max/src/prism_gao/results/stage_c_v4_v4_20260902_0210/forward/trec/k050_coalesced_pipeline_forward
[2026-09-02T03:00:07+08:00] promixed/k4 trec k050 on GPU 2; deferred=false adaptive_coverage=false
Pcache CPU budget is fixed at 131 MiB; selector-index memory is additive and reported separately.
[2026-09-02T03:01:37+08:00] completed /home/panzihang/src/prism_max/src/prism_gao/results/stage_c_v4_v4_20260902_0210/reverse/trec/k050_coalesced_pipeline_reverse
[2026-09-02T03:01:43+08:00] promixed/k4 trec k050 on GPU 2; deferred=false adaptive_coverage=false
Pcache CPU budget is fixed at 131 MiB; selector-index memory is additive and reported separately.
[2026-09-02T03:03:23+08:00] completed /home/panzihang/src/prism_max/src/prism_gao/results/stage_c_v4_v4_20260902_0210/reverse/trec/k050_naive_pipeline_reverse
[2026-09-02T03:03:28+08:00] promixed/k4 trec k050 on GPU 2; deferred=false adaptive_coverage=false
Pcache CPU budget is fixed at 131 MiB; selector-index memory is additive and reported separately.
[2026-09-02T03:04:55+08:00] completed /home/panzihang/src/prism_max/src/prism_gao/results/stage_c_v4_v4_20260902_0210/reverse/trec/k050_fp16_pipeline_reverse
[2026-09-02T03:05:00+08:00] promixed/k4 trec k050 on GPU 2; deferred=false adaptive_coverage=false
Pcache CPU budget is fixed at 131 MiB; selector-index memory is additive and reported separately.
[2026-09-02T03:06:52+08:00] completed /home/panzihang/src/prism_max/src/prism_gao/results/stage_c_v4_v4_20260902_0210/reverse/trec/k050_original_async_reverse
[2026-09-02T03:06:57+08:00] promixed/k4 rte k010 on GPU 2; deferred=false adaptive_coverage=false
Pcache CPU budget is fixed at 131 MiB; selector-index memory is additive and reported separately.
[2026-09-02T03:08:07+08:00] completed /home/panzihang/src/prism_max/src/prism_gao/results/stage_c_v4_v4_20260902_0210/forward/rte/k010_original_async_forward
[2026-09-02T03:08:12+08:00] promixed/k4 rte k010 on GPU 2; deferred=false adaptive_coverage=false
Pcache CPU budget is fixed at 131 MiB; selector-index memory is additive and reported separately.
[2026-09-02T03:09:17+08:00] completed /home/panzihang/src/prism_max/src/prism_gao/results/stage_c_v4_v4_20260902_0210/forward/rte/k010_fp16_pipeline_forward
[2026-09-02T03:09:22+08:00] promixed/k4 rte k010 on GPU 2; deferred=false adaptive_coverage=false
Pcache CPU budget is fixed at 131 MiB; selector-index memory is additive and reported separately.
[2026-09-02T03:10:32+08:00] completed /home/panzihang/src/prism_max/src/prism_gao/results/stage_c_v4_v4_20260902_0210/forward/rte/k010_naive_pipeline_forward
[2026-09-02T03:10:38+08:00] promixed/k4 rte k010 on GPU 2; deferred=false adaptive_coverage=false
Pcache CPU budget is fixed at 131 MiB; selector-index memory is additive and reported separately.
[2026-09-02T03:11:42+08:00] completed /home/panzihang/src/prism_max/src/prism_gao/results/stage_c_v4_v4_20260902_0210/forward/rte/k010_coalesced_pipeline_forward
[2026-09-02T03:11:47+08:00] promixed/k4 rte k010 on GPU 2; deferred=false adaptive_coverage=false
Pcache CPU budget is fixed at 131 MiB; selector-index memory is additive and reported separately.
[2026-09-02T03:12:57+08:00] completed /home/panzihang/src/prism_max/src/prism_gao/results/stage_c_v4_v4_20260902_0210/reverse/rte/k010_coalesced_pipeline_reverse
[2026-09-02T03:13:02+08:00] promixed/k4 rte k010 on GPU 2; deferred=false adaptive_coverage=false
Pcache CPU budget is fixed at 131 MiB; selector-index memory is additive and reported separately.
[2026-09-02T03:14:16+08:00] completed /home/panzihang/src/prism_max/src/prism_gao/results/stage_c_v4_v4_20260902_0210/reverse/rte/k010_naive_pipeline_reverse
[2026-09-02T03:14:22+08:00] promixed/k4 rte k010 on GPU 2; deferred=false adaptive_coverage=false
Pcache CPU budget is fixed at 131 MiB; selector-index memory is additive and reported separately.
[2026-09-02T03:15:27+08:00] completed /home/panzihang/src/prism_max/src/prism_gao/results/stage_c_v4_v4_20260902_0210/reverse/rte/k010_fp16_pipeline_reverse
[2026-09-02T03:15:32+08:00] promixed/k4 rte k010 on GPU 2; deferred=false adaptive_coverage=false
Pcache CPU budget is fixed at 131 MiB; selector-index memory is additive and reported separately.
[2026-09-02T03:16:43+08:00] completed /home/panzihang/src/prism_max/src/prism_gao/results/stage_c_v4_v4_20260902_0210/reverse/rte/k010_original_async_reverse
[2026-09-02T03:16:48+08:00] promixed/k4 rte k050 on GPU 2; deferred=false adaptive_coverage=false
Pcache CPU budget is fixed at 131 MiB; selector-index memory is additive and reported separately.
[2026-09-02T03:19:33+08:00] completed /home/panzihang/src/prism_max/src/prism_gao/results/stage_c_v4_v4_20260902_0210/forward/rte/k050_original_async_forward
[2026-09-02T03:19:38+08:00] promixed/k4 rte k050 on GPU 2; deferred=false adaptive_coverage=false
Pcache CPU budget is fixed at 131 MiB; selector-index memory is additive and reported separately.
[2026-09-02T03:21:16+08:00] completed /home/panzihang/src/prism_max/src/prism_gao/results/stage_c_v4_v4_20260902_0210/forward/rte/k050_fp16_pipeline_forward
[2026-09-02T03:21:22+08:00] promixed/k4 rte k050 on GPU 2; deferred=false adaptive_coverage=false
Pcache CPU budget is fixed at 131 MiB; selector-index memory is additive and reported separately.
[2026-09-02T03:23:19+08:00] completed /home/panzihang/src/prism_max/src/prism_gao/results/stage_c_v4_v4_20260902_0210/forward/rte/k050_naive_pipeline_forward
[2026-09-02T03:23:24+08:00] promixed/k4 rte k050 on GPU 2; deferred=false adaptive_coverage=false
Pcache CPU budget is fixed at 131 MiB; selector-index memory is additive and reported separately.
[2026-09-02T03:25:07+08:00] completed /home/panzihang/src/prism_max/src/prism_gao/results/stage_c_v4_v4_20260902_0210/forward/rte/k050_coalesced_pipeline_forward
[2026-09-02T03:25:13+08:00] promixed/k4 rte k050 on GPU 2; deferred=false adaptive_coverage=false
Pcache CPU budget is fixed at 131 MiB; selector-index memory is additive and reported separately.
[2026-09-02T03:26:53+08:00] completed /home/panzihang/src/prism_max/src/prism_gao/results/stage_c_v4_v4_20260902_0210/reverse/rte/k050_coalesced_pipeline_reverse
[2026-09-02T03:26:58+08:00] promixed/k4 rte k050 on GPU 2; deferred=false adaptive_coverage=false
Pcache CPU budget is fixed at 131 MiB; selector-index memory is additive and reported separately.
[2026-09-02T03:28:57+08:00] completed /home/panzihang/src/prism_max/src/prism_gao/results/stage_c_v4_v4_20260902_0210/reverse/rte/k050_naive_pipeline_reverse
[2026-09-02T03:29:02+08:00] promixed/k4 rte k050 on GPU 2; deferred=false adaptive_coverage=false
Pcache CPU budget is fixed at 131 MiB; selector-index memory is additive and reported separately.
[2026-09-02T03:30:39+08:00] completed /home/panzihang/src/prism_max/src/prism_gao/results/stage_c_v4_v4_20260902_0210/reverse/rte/k050_fp16_pipeline_reverse
[2026-09-02T03:30:45+08:00] promixed/k4 rte k050 on GPU 2; deferred=false adaptive_coverage=false
Pcache CPU budget is fixed at 131 MiB; selector-index memory is additive and reported separately.
[2026-09-02T03:33:31+08:00] completed /home/panzihang/src/prism_max/src/prism_gao/results/stage_c_v4_v4_20260902_0210/reverse/rte/k050_original_async_reverse
Stage C V4 comparison complete: /home/panzihang/src/prism_max/src/prism_gao/results/stage_c_v4_v4_20260902_0210
