nohup: ignoring input
[2026-09-02T00:04:32+08:00] promixed/k4 sst2 k010 on GPU 2; deferred=false adaptive_coverage=false
Pcache CPU budget is fixed at 131 MiB; selector-index memory is additive and reported separately.
[2026-09-02T00:05:14+08:00] completed /home/panzihang/src/prism_max/src/prism_gao/results/stage_b_v4_calibration_v4_20260902_0001/sst2/k010_p1
[2026-09-02T00:05:19+08:00] promixed/k4 sst2 k010 on GPU 2; deferred=false adaptive_coverage=false
Pcache CPU budget is fixed at 131 MiB; selector-index memory is additive and reported separately.
[2026-09-02T00:05:54+08:00] completed /home/panzihang/src/prism_max/src/prism_gao/results/stage_b_v4_calibration_v4_20260902_0001/sst2/k010_p2
[2026-09-02T00:05:59+08:00] promixed/k4 sst2 k010 on GPU 2; deferred=false adaptive_coverage=false
Pcache CPU budget is fixed at 131 MiB; selector-index memory is additive and reported separately.
[2026-09-02T00:06:32+08:00] completed /home/panzihang/src/prism_max/src/prism_gao/results/stage_b_v4_calibration_v4_20260902_0001/sst2/k010_p4
[2026-09-02T00:06:38+08:00] promixed/k4 sst2 k010 on GPU 2; deferred=false adaptive_coverage=false
Pcache CPU budget is fixed at 131 MiB; selector-index memory is additive and reported separately.
[2026-09-02T00:07:11+08:00] completed /home/panzihang/src/prism_max/src/prism_gao/results/stage_b_v4_calibration_v4_20260902_0001/sst2/k010_p8
[2026-09-02T00:07:17+08:00] promixed/k4 sst2 k050 on GPU 2; deferred=false adaptive_coverage=false
Pcache CPU budget is fixed at 131 MiB; selector-index memory is additive and reported separately.
[2026-09-02T00:08:15+08:00] completed /home/panzihang/src/prism_max/src/prism_gao/results/stage_b_v4_calibration_v4_20260902_0001/sst2/k050_p1
[2026-09-02T00:08:20+08:00] promixed/k4 sst2 k050 on GPU 2; deferred=false adaptive_coverage=false
Pcache CPU budget is fixed at 131 MiB; selector-index memory is additive and reported separately.
[2026-09-02T00:09:12+08:00] completed /home/panzihang/src/prism_max/src/prism_gao/results/stage_b_v4_calibration_v4_20260902_0001/sst2/k050_p2
[2026-09-02T00:09:17+08:00] promixed/k4 sst2 k050 on GPU 2; deferred=false adaptive_coverage=false
Pcache CPU budget is fixed at 131 MiB; selector-index memory is additive and reported separately.
[2026-09-02T00:10:04+08:00] completed /home/panzihang/src/prism_max/src/prism_gao/results/stage_b_v4_calibration_v4_20260902_0001/sst2/k050_p4
[2026-09-02T00:10:10+08:00] promixed/k4 sst2 k050 on GPU 2; deferred=false adaptive_coverage=false
Pcache CPU budget is fixed at 131 MiB; selector-index memory is additive and reported separately.
[2026-09-02T00:11:02+08:00] completed /home/panzihang/src/prism_max/src/prism_gao/results/stage_b_v4_calibration_v4_20260902_0001/sst2/k050_p8
[2026-09-02T00:11:07+08:00] promixed/k4 subj k010 on GPU 2; deferred=false adaptive_coverage=false
Pcache CPU budget is fixed at 131 MiB; selector-index memory is additive and reported separately.
[2026-09-02T00:11:56+08:00] completed /home/panzihang/src/prism_max/src/prism_gao/results/stage_b_v4_calibration_v4_20260902_0001/subj/k010_p1
[2026-09-02T00:12:01+08:00] promixed/k4 subj k010 on GPU 2; deferred=false adaptive_coverage=false
Pcache CPU budget is fixed at 131 MiB; selector-index memory is additive and reported separately.
[2026-09-02T00:12:45+08:00] completed /home/panzihang/src/prism_max/src/prism_gao/results/stage_b_v4_calibration_v4_20260902_0001/subj/k010_p2
[2026-09-02T00:12:51+08:00] promixed/k4 subj k010 on GPU 2; deferred=false adaptive_coverage=false
Pcache CPU budget is fixed at 131 MiB; selector-index memory is additive and reported separately.
[2026-09-02T00:13:28+08:00] completed /home/panzihang/src/prism_max/src/prism_gao/results/stage_b_v4_calibration_v4_20260902_0001/subj/k010_p4
[2026-09-02T00:13:33+08:00] promixed/k4 subj k010 on GPU 2; deferred=false adaptive_coverage=false
Pcache CPU budget is fixed at 131 MiB; selector-index memory is additive and reported separately.
[2026-09-02T00:14:13+08:00] completed /home/panzihang/src/prism_max/src/prism_gao/results/stage_b_v4_calibration_v4_20260902_0001/subj/k010_p8
[2026-09-02T00:14:18+08:00] promixed/k4 subj k050 on GPU 2; deferred=false adaptive_coverage=false
Pcache CPU budget is fixed at 131 MiB; selector-index memory is additive and reported separately.
[2026-09-02T00:15:32+08:00] completed /home/panzihang/src/prism_max/src/prism_gao/results/stage_b_v4_calibration_v4_20260902_0001/subj/k050_p1
[2026-09-02T00:15:37+08:00] promixed/k4 subj k050 on GPU 2; deferred=false adaptive_coverage=false
Pcache CPU budget is fixed at 131 MiB; selector-index memory is additive and reported separately.
[2026-09-02T00:16:38+08:00] completed /home/panzihang/src/prism_max/src/prism_gao/results/stage_b_v4_calibration_v4_20260902_0001/subj/k050_p2
[2026-09-02T00:16:44+08:00] promixed/k4 subj k050 on GPU 2; deferred=false adaptive_coverage=false
Pcache CPU budget is fixed at 131 MiB; selector-index memory is additive and reported separately.
[2026-09-02T00:17:41+08:00] completed /home/panzihang/src/prism_max/src/prism_gao/results/stage_b_v4_calibration_v4_20260902_0001/subj/k050_p4
[2026-09-02T00:17:46+08:00] promixed/k4 subj k050 on GPU 2; deferred=false adaptive_coverage=false
Pcache CPU budget is fixed at 131 MiB; selector-index memory is additive and reported separately.
[2026-09-02T00:18:48+08:00] completed /home/panzihang/src/prism_max/src/prism_gao/results/stage_b_v4_calibration_v4_20260902_0001/subj/k050_p8
[2026-09-02T00:18:54+08:00] promixed/k4 trec k010 on GPU 2; deferred=false adaptive_coverage=false
Pcache CPU budget is fixed at 131 MiB; selector-index memory is additive and reported separately.
[2026-09-02T00:19:38+08:00] completed /home/panzihang/src/prism_max/src/prism_gao/results/stage_b_v4_calibration_v4_20260902_0001/trec/k010_p1
[2026-09-02T00:19:44+08:00] promixed/k4 trec k010 on GPU 2; deferred=false adaptive_coverage=false
Pcache CPU budget is fixed at 131 MiB; selector-index memory is additive and reported separately.
[2026-09-02T00:20:25+08:00] completed /home/panzihang/src/prism_max/src/prism_gao/results/stage_b_v4_calibration_v4_20260902_0001/trec/k010_p2
[2026-09-02T00:20:30+08:00] promixed/k4 trec k010 on GPU 2; deferred=false adaptive_coverage=false
Pcache CPU budget is fixed at 131 MiB; selector-index memory is additive and reported separately.
[2026-09-02T00:21:06+08:00] completed /home/panzihang/src/prism_max/src/prism_gao/results/stage_b_v4_calibration_v4_20260902_0001/trec/k010_p4
[2026-09-02T00:21:12+08:00] promixed/k4 trec k010 on GPU 2; deferred=false adaptive_coverage=false
Pcache CPU budget is fixed at 131 MiB; selector-index memory is additive and reported separately.
[2026-09-02T00:21:52+08:00] completed /home/panzihang/src/prism_max/src/prism_gao/results/stage_b_v4_calibration_v4_20260902_0001/trec/k010_p8
[2026-09-02T00:21:57+08:00] promixed/k4 trec k050 on GPU 2; deferred=false adaptive_coverage=false
Pcache CPU budget is fixed at 131 MiB; selector-index memory is additive and reported separately.
[2026-09-02T00:23:10+08:00] completed /home/panzihang/src/prism_max/src/prism_gao/results/stage_b_v4_calibration_v4_20260902_0001/trec/k050_p1
[2026-09-02T00:23:15+08:00] promixed/k4 trec k050 on GPU 2; deferred=false adaptive_coverage=false
Pcache CPU budget is fixed at 131 MiB; selector-index memory is additive and reported separately.
[2026-09-02T00:24:18+08:00] completed /home/panzihang/src/prism_max/src/prism_gao/results/stage_b_v4_calibration_v4_20260902_0001/trec/k050_p2
[2026-09-02T00:24:23+08:00] promixed/k4 trec k050 on GPU 2; deferred=false adaptive_coverage=false
Pcache CPU budget is fixed at 131 MiB; selector-index memory is additive and reported separately.
[2026-09-02T00:25:24+08:00] completed /home/panzihang/src/prism_max/src/prism_gao/results/stage_b_v4_calibration_v4_20260902_0001/trec/k050_p4
[2026-09-02T00:25:30+08:00] promixed/k4 trec k050 on GPU 2; deferred=false adaptive_coverage=false
Pcache CPU budget is fixed at 131 MiB; selector-index memory is additive and reported separately.
[2026-09-02T00:26:33+08:00] completed /home/panzihang/src/prism_max/src/prism_gao/results/stage_b_v4_calibration_v4_20260902_0001/trec/k050_p8
[2026-09-02T00:26:38+08:00] promixed/k4 rte k010 on GPU 2; deferred=false adaptive_coverage=false
Pcache CPU budget is fixed at 131 MiB; selector-index memory is additive and reported separately.
[2026-09-02T00:27:35+08:00] completed /home/panzihang/src/prism_max/src/prism_gao/results/stage_b_v4_calibration_v4_20260902_0001/rte/k010_p1
[2026-09-02T00:27:41+08:00] promixed/k4 rte k010 on GPU 2; deferred=false adaptive_coverage=false
Pcache CPU budget is fixed at 131 MiB; selector-index memory is additive and reported separately.
[2026-09-02T00:28:29+08:00] completed /home/panzihang/src/prism_max/src/prism_gao/results/stage_b_v4_calibration_v4_20260902_0001/rte/k010_p2
[2026-09-02T00:28:34+08:00] promixed/k4 rte k010 on GPU 2; deferred=false adaptive_coverage=false
Pcache CPU budget is fixed at 131 MiB; selector-index memory is additive and reported separately.
[2026-09-02T00:29:17+08:00] completed /home/panzihang/src/prism_max/src/prism_gao/results/stage_b_v4_calibration_v4_20260902_0001/rte/k010_p4
[2026-09-02T00:29:23+08:00] promixed/k4 rte k010 on GPU 2; deferred=false adaptive_coverage=false
Pcache CPU budget is fixed at 131 MiB; selector-index memory is additive and reported separately.
[2026-09-02T00:30:04+08:00] completed /home/panzihang/src/prism_max/src/prism_gao/results/stage_b_v4_calibration_v4_20260902_0001/rte/k010_p8
[2026-09-02T00:30:09+08:00] promixed/k4 rte k050 on GPU 2; deferred=false adaptive_coverage=false
Pcache CPU budget is fixed at 131 MiB; selector-index memory is additive and reported separately.
[2026-09-02T00:31:35+08:00] completed /home/panzihang/src/prism_max/src/prism_gao/results/stage_b_v4_calibration_v4_20260902_0001/rte/k050_p1
[2026-09-02T00:31:40+08:00] promixed/k4 rte k050 on GPU 2; deferred=false adaptive_coverage=false
Pcache CPU budget is fixed at 131 MiB; selector-index memory is additive and reported separately.
[2026-09-02T00:32:59+08:00] completed /home/panzihang/src/prism_max/src/prism_gao/results/stage_b_v4_calibration_v4_20260902_0001/rte/k050_p2
[2026-09-02T00:33:04+08:00] promixed/k4 rte k050 on GPU 2; deferred=false adaptive_coverage=false
Pcache CPU budget is fixed at 131 MiB; selector-index memory is additive and reported separately.
[2026-09-02T00:34:25+08:00] completed /home/panzihang/src/prism_max/src/prism_gao/results/stage_b_v4_calibration_v4_20260902_0001/rte/k050_p4
[2026-09-02T00:34:30+08:00] promixed/k4 rte k050 on GPU 2; deferred=false adaptive_coverage=false
Pcache CPU budget is fixed at 131 MiB; selector-index memory is additive and reported separately.
[2026-09-02T00:35:44+08:00] completed /home/panzihang/src/prism_max/src/prism_gao/results/stage_b_v4_calibration_v4_20260902_0001/rte/k050_p8
Stage B V4 calibration complete: /home/panzihang/src/prism_max/src/prism_gao/results/stage_b_v4_calibration_v4_20260902_0001
