[2026-08-31T23:40:24+08:00] promixed/k4 trec k010 on GPU 2; deferred=false adaptive_coverage=false
Pcache CPU budget is fixed at 131 MiB; selector-index memory is additive and reported separately.
[2026-08-31T23:41:43+08:00] completed /home/panzihang/src/prism_max/src/prism_gao/results/stage_b/trec/k010_promixed_exact_adaptive_64
[2026-08-31T23:41:44+08:00] promixed/k4 trec k010 on GPU 2; deferred=false adaptive_coverage=false
Pcache CPU budget is fixed at 131 MiB; selector-index memory is additive and reported separately.
[2026-08-31T23:43:19+08:00] completed /home/panzihang/src/prism_max/src/prism_gao/results/stage_b/trec/k010_promixed_exact_p1_64
[2026-08-31T23:43:21+08:00] promixed/k4 trec k010 on GPU 2; deferred=false adaptive_coverage=false
Pcache CPU budget is fixed at 131 MiB; selector-index memory is additive and reported separately.
[2026-08-31T23:44:34+08:00] completed /home/panzihang/src/prism_max/src/prism_gao/results/stage_b/trec/k010_promixed_exact_p4_64
[2026-08-31T23:44:35+08:00] promixed/k4 trec k010 on GPU 2; deferred=false adaptive_coverage=false
Pcache CPU budget is fixed at 131 MiB; selector-index memory is additive and reported separately.
[2026-08-31T23:45:37+08:00] completed /home/panzihang/src/prism_max/src/prism_gao/results/stage_b/trec/k010_promixed_exact_p8_64
[2026-08-31T23:45:38+08:00] promixed/k4 trec k050 on GPU 2; deferred=false adaptive_coverage=false
Pcache CPU budget is fixed at 131 MiB; selector-index memory is additive and reported separately.
[2026-08-31T23:47:47+08:00] completed /home/panzihang/src/prism_max/src/prism_gao/results/stage_b/trec/k050_promixed_exact_adaptive_64
[2026-08-31T23:47:49+08:00] promixed/k4 trec k050 on GPU 2; deferred=false adaptive_coverage=false
Pcache CPU budget is fixed at 131 MiB; selector-index memory is additive and reported separately.
[2026-08-31T23:50:29+08:00] completed /home/panzihang/src/prism_max/src/prism_gao/results/stage_b/trec/k050_promixed_exact_p1_64
[2026-08-31T23:50:30+08:00] promixed/k4 trec k050 on GPU 2; deferred=false adaptive_coverage=false
Pcache CPU budget is fixed at 131 MiB; selector-index memory is additive and reported separately.
[2026-08-31T23:52:44+08:00] completed /home/panzihang/src/prism_max/src/prism_gao/results/stage_b/trec/k050_promixed_exact_p4_64
[2026-08-31T23:52:45+08:00] promixed/k4 trec k050 on GPU 2; deferred=false adaptive_coverage=false
Pcache CPU budget is fixed at 131 MiB; selector-index memory is additive and reported separately.
[2026-08-31T23:55:00+08:00] completed /home/panzihang/src/prism_max/src/prism_gao/results/stage_b/trec/k050_promixed_exact_p8_64
[2026-08-31T23:55:01+08:00] promixed/k4 subj k025 on GPU 2; deferred=false adaptive_coverage=false
Pcache CPU budget is fixed at 131 MiB; selector-index memory is additive and reported separately.
[2026-08-31T23:56:32+08:00] completed /home/panzihang/src/prism_max/src/prism_gao/results/stage_b/subj/k025_promixed_exact_adaptive_64
[2026-08-31T23:56:33+08:00] promixed/k4 subj k025 on GPU 2; deferred=false adaptive_coverage=false
Pcache CPU budget is fixed at 131 MiB; selector-index memory is additive and reported separately.
[2026-08-31T23:58:22+08:00] completed /home/panzihang/src/prism_max/src/prism_gao/results/stage_b/subj/k025_promixed_exact_p1_64
[2026-08-31T23:58:23+08:00] promixed/k4 subj k025 on GPU 2; deferred=false adaptive_coverage=false
Pcache CPU budget is fixed at 131 MiB; selector-index memory is additive and reported separately.
[2026-08-31T23:59:41+08:00] completed /home/panzihang/src/prism_max/src/prism_gao/results/stage_b/subj/k025_promixed_exact_p4_64
[2026-08-31T23:59:43+08:00] promixed/k4 subj k025 on GPU 2; deferred=false adaptive_coverage=false
Pcache CPU budget is fixed at 131 MiB; selector-index memory is additive and reported separately.
[2026-09-01T00:01:03+08:00] completed /home/panzihang/src/prism_max/src/prism_gao/results/stage_b/subj/k025_promixed_exact_p8_64
