[2026-08-25T01:26:15+08:00] Prism-Max one-pass strict FP16/nodefer grid launcher starts
[2026-08-25T01:26:17+08:00] cell 1/16: sst2 k005 order=contigkv impress promixed
[2026-08-25T01:26:17+08:00] launch sst2 k005 contigkv as k005_contigkv_fp16_nodefer_r1
[2026-08-25T01:26:22+08:00] contigkv/fp16 sst2 k005 on GPU 0; deferred=false adaptive_coverage=false
Pcache CPU budget is fixed at 131 MiB; selector-index memory is additive and reported separately.
[2026-08-25T01:29:58+08:00] completed /home/panzihang/src/prism_max/results/prism_max_grid_fp16_nodefer_strict_r1_20260825/sst2/k005_contigkv_fp16_nodefer_r1
[2026-08-25T01:29:58+08:00] accepted validated final output after runner status 0
[2026-08-25T01:29:59+08:00] launch sst2 k005 impress as k005_impress_fp16_nodefer_r1
[2026-08-25T01:30:04+08:00] impress/fp16 sst2 k005 on GPU 0; deferred=false adaptive_coverage=false
Pcache CPU budget is fixed at 131 MiB; selector-index memory is additive and reported separately.
[2026-08-25T01:45:29+08:00] completed /home/panzihang/src/prism_max/results/prism_max_grid_fp16_nodefer_strict_r1_20260825/sst2/k005_impress_fp16_nodefer_r1
[2026-08-25T01:45:29+08:00] accepted validated final output after runner status 0
[2026-08-25T01:45:30+08:00] launch sst2 k005 promixed as k005_promixed_fp16_nodefer_r1
[2026-08-25T01:45:35+08:00] promixed/fp16 sst2 k005 on GPU 0; deferred=false adaptive_coverage=false
Pcache CPU budget is fixed at 131 MiB; selector-index memory is additive and reported separately.
[2026-08-25T01:49:33+08:00] completed /home/panzihang/src/prism_max/results/prism_max_grid_fp16_nodefer_strict_r1_20260825/sst2/k005_promixed_fp16_nodefer_r1
[2026-08-25T01:49:33+08:00] accepted validated final output after runner status 0
[2026-08-25T01:49:33+08:00] cell 2/16: sst2 k010 order=impress promixed contigkv
[2026-08-25T01:49:33+08:00] launch sst2 k010 impress as k010_impress_fp16_nodefer_r1
[2026-08-25T01:49:39+08:00] impress/fp16 sst2 k010 on GPU 0; deferred=false adaptive_coverage=false
Pcache CPU budget is fixed at 131 MiB; selector-index memory is additive and reported separately.
[2026-08-25T02:10:19+08:00] completed /home/panzihang/src/prism_max/results/prism_max_grid_fp16_nodefer_strict_r1_20260825/sst2/k010_impress_fp16_nodefer_r1
[2026-08-25T02:10:19+08:00] accepted validated final output after runner status 0
[2026-08-25T02:10:20+08:00] launch sst2 k010 promixed as k010_promixed_fp16_nodefer_r1
[2026-08-25T02:10:25+08:00] promixed/fp16 sst2 k010 on GPU 0; deferred=false adaptive_coverage=false
Pcache CPU budget is fixed at 131 MiB; selector-index memory is additive and reported separately.
[2026-08-25T02:16:09+08:00] completed /home/panzihang/src/prism_max/results/prism_max_grid_fp16_nodefer_strict_r1_20260825/sst2/k010_promixed_fp16_nodefer_r1
[2026-08-25T02:16:09+08:00] accepted validated final output after runner status 0
[2026-08-25T02:16:10+08:00] launch sst2 k010 contigkv as k010_contigkv_fp16_nodefer_r1
[2026-08-25T02:16:15+08:00] contigkv/fp16 sst2 k010 on GPU 0; deferred=false adaptive_coverage=false
Pcache CPU budget is fixed at 131 MiB; selector-index memory is additive and reported separately.
[2026-08-25T02:20:35+08:00] completed /home/panzihang/src/prism_max/results/prism_max_grid_fp16_nodefer_strict_r1_20260825/sst2/k010_contigkv_fp16_nodefer_r1
[2026-08-25T02:20:35+08:00] accepted validated final output after runner status 0
[2026-08-25T02:20:35+08:00] cell 3/16: sst2 k025 order=promixed contigkv impress
[2026-08-25T02:20:36+08:00] launch sst2 k025 promixed as k025_promixed_fp16_nodefer_r1
[2026-08-25T02:20:41+08:00] promixed/fp16 sst2 k025 on GPU 0; deferred=false adaptive_coverage=false
Pcache CPU budget is fixed at 131 MiB; selector-index memory is additive and reported separately.
[2026-08-25T02:28:04+08:00] completed /home/panzihang/src/prism_max/results/prism_max_grid_fp16_nodefer_strict_r1_20260825/sst2/k025_promixed_fp16_nodefer_r1
[2026-08-25T02:28:05+08:00] accepted validated final output after runner status 0
[2026-08-25T02:28:05+08:00] launch sst2 k025 contigkv as k025_contigkv_fp16_nodefer_r1
[2026-08-25T02:28:11+08:00] contigkv/fp16 sst2 k025 on GPU 0; deferred=false adaptive_coverage=false
Pcache CPU budget is fixed at 131 MiB; selector-index memory is additive and reported separately.
[2026-08-25T02:34:58+08:00] completed /home/panzihang/src/prism_max/results/prism_max_grid_fp16_nodefer_strict_r1_20260825/sst2/k025_contigkv_fp16_nodefer_r1
[2026-08-25T02:34:58+08:00] accepted validated final output after runner status 0
[2026-08-25T02:34:59+08:00] launch sst2 k025 impress as k025_impress_fp16_nodefer_r1
[2026-08-25T02:35:04+08:00] impress/fp16 sst2 k025 on GPU 0; deferred=false adaptive_coverage=false
Pcache CPU budget is fixed at 131 MiB; selector-index memory is additive and reported separately.
[2026-08-25T02:54:14+08:00] completed /home/panzihang/src/prism_max/results/prism_max_grid_fp16_nodefer_strict_r1_20260825/sst2/k025_impress_fp16_nodefer_r1
[2026-08-25T02:54:15+08:00] accepted validated final output after runner status 0
[2026-08-25T02:54:15+08:00] cell 4/16: sst2 k050 order=contigkv impress promixed
[2026-08-25T02:54:15+08:00] launch sst2 k050 contigkv as k050_contigkv_fp16_nodefer_r1
[2026-08-25T02:54:21+08:00] contigkv/fp16 sst2 k050 on GPU 0; deferred=false adaptive_coverage=false
Pcache CPU budget is fixed at 131 MiB; selector-index memory is additive and reported separately.
[2026-08-25T03:05:29+08:00] completed /home/panzihang/src/prism_max/results/prism_max_grid_fp16_nodefer_strict_r1_20260825/sst2/k050_contigkv_fp16_nodefer_r1
[2026-08-25T03:05:29+08:00] accepted validated final output after runner status 0
[2026-08-25T03:05:30+08:00] launch sst2 k050 impress as k050_impress_fp16_nodefer_r1
[2026-08-25T03:05:35+08:00] impress/fp16 sst2 k050 on GPU 0; deferred=false adaptive_coverage=false
Pcache CPU budget is fixed at 131 MiB; selector-index memory is additive and reported separately.
[2026-08-25T03:29:04+08:00] completed /home/panzihang/src/prism_max/results/prism_max_grid_fp16_nodefer_strict_r1_20260825/sst2/k050_impress_fp16_nodefer_r1
[2026-08-25T03:29:04+08:00] accepted validated final output after runner status 0
[2026-08-25T03:29:05+08:00] launch sst2 k050 promixed as k050_promixed_fp16_nodefer_r1
[2026-08-25T03:29:10+08:00] promixed/fp16 sst2 k050 on GPU 0; deferred=false adaptive_coverage=false
Pcache CPU budget is fixed at 131 MiB; selector-index memory is additive and reported separately.
[2026-08-25T03:39:48+08:00] completed /home/panzihang/src/prism_max/results/prism_max_grid_fp16_nodefer_strict_r1_20260825/sst2/k050_promixed_fp16_nodefer_r1
[2026-08-25T03:39:49+08:00] accepted validated final output after runner status 0
[2026-08-25T03:39:49+08:00] cell 5/16: subj k005 order=impress promixed contigkv
[2026-08-25T03:39:49+08:00] launch subj k005 impress as k005_impress_fp16_nodefer_r1
[2026-08-25T03:39:55+08:00] impress/fp16 subj k005 on GPU 0; deferred=false adaptive_coverage=false
Pcache CPU budget is fixed at 131 MiB; selector-index memory is additive and reported separately.
[2026-08-25T03:57:37+08:00] completed /home/panzihang/src/prism_max/results/prism_max_grid_fp16_nodefer_strict_r1_20260825/subj/k005_impress_fp16_nodefer_r1
[2026-08-25T03:57:38+08:00] accepted validated final output after runner status 0
[2026-08-25T03:57:38+08:00] launch subj k005 promixed as k005_promixed_fp16_nodefer_r1
[2026-08-25T03:57:44+08:00] promixed/fp16 subj k005 on GPU 0; deferred=false adaptive_coverage=false
Pcache CPU budget is fixed at 131 MiB; selector-index memory is additive and reported separately.
[2026-08-25T04:03:05+08:00] completed /home/panzihang/src/prism_max/results/prism_max_grid_fp16_nodefer_strict_r1_20260825/subj/k005_promixed_fp16_nodefer_r1
[2026-08-25T04:03:05+08:00] accepted validated final output after runner status 0
[2026-08-25T04:03:06+08:00] launch subj k005 contigkv as k005_contigkv_fp16_nodefer_r1
[2026-08-25T04:03:11+08:00] contigkv/fp16 subj k005 on GPU 0; deferred=false adaptive_coverage=false
Pcache CPU budget is fixed at 131 MiB; selector-index memory is additive and reported separately.
[2026-08-25T04:08:08+08:00] completed /home/panzihang/src/prism_max/results/prism_max_grid_fp16_nodefer_strict_r1_20260825/subj/k005_contigkv_fp16_nodefer_r1
[2026-08-25T04:08:09+08:00] accepted validated final output after runner status 0
[2026-08-25T04:08:09+08:00] cell 6/16: subj k010 order=promixed contigkv impress
[2026-08-25T04:08:09+08:00] launch subj k010 promixed as k010_promixed_fp16_nodefer_r1
[2026-08-25T04:08:15+08:00] promixed/fp16 subj k010 on GPU 0; deferred=false adaptive_coverage=false
Pcache CPU budget is fixed at 131 MiB; selector-index memory is additive and reported separately.
[2026-08-25T04:15:28+08:00] completed /home/panzihang/src/prism_max/results/prism_max_grid_fp16_nodefer_strict_r1_20260825/subj/k010_promixed_fp16_nodefer_r1
[2026-08-25T04:15:29+08:00] accepted validated final output after runner status 0
[2026-08-25T04:15:29+08:00] launch subj k010 contigkv as k010_contigkv_fp16_nodefer_r1
[2026-08-25T04:15:35+08:00] contigkv/fp16 subj k010 on GPU 0; deferred=false adaptive_coverage=false
Pcache CPU budget is fixed at 131 MiB; selector-index memory is additive and reported separately.
[2026-08-25T04:21:43+08:00] completed /home/panzihang/src/prism_max/results/prism_max_grid_fp16_nodefer_strict_r1_20260825/subj/k010_contigkv_fp16_nodefer_r1
[2026-08-25T04:21:44+08:00] accepted validated final output after runner status 0
[2026-08-25T04:21:44+08:00] launch subj k010 impress as k010_impress_fp16_nodefer_r1
[2026-08-25T04:21:50+08:00] impress/fp16 subj k010 on GPU 0; deferred=false adaptive_coverage=false
Pcache CPU budget is fixed at 131 MiB; selector-index memory is additive and reported separately.
[2026-08-25T04:41:34+08:00] completed /home/panzihang/src/prism_max/results/prism_max_grid_fp16_nodefer_strict_r1_20260825/subj/k010_impress_fp16_nodefer_r1
[2026-08-25T04:41:34+08:00] accepted validated final output after runner status 0
[2026-08-25T04:41:34+08:00] cell 7/16: subj k025 order=contigkv impress promixed
[2026-08-25T04:41:34+08:00] launch subj k025 contigkv as k025_contigkv_fp16_nodefer_r1
[2026-08-25T04:41:40+08:00] contigkv/fp16 subj k025 on GPU 0; deferred=false adaptive_coverage=false
Pcache CPU budget is fixed at 131 MiB; selector-index memory is additive and reported separately.
[2026-08-25T04:51:11+08:00] completed /home/panzihang/src/prism_max/results/prism_max_grid_fp16_nodefer_strict_r1_20260825/subj/k025_contigkv_fp16_nodefer_r1
[2026-08-25T04:51:12+08:00] accepted validated final output after runner status 0
[2026-08-25T04:51:12+08:00] launch subj k025 impress as k025_impress_fp16_nodefer_r1
[2026-08-25T04:51:18+08:00] impress/fp16 subj k025 on GPU 0; deferred=false adaptive_coverage=false
Pcache CPU budget is fixed at 131 MiB; selector-index memory is additive and reported separately.
[2026-08-25T05:21:19+08:00] completed /home/panzihang/src/prism_max/results/prism_max_grid_fp16_nodefer_strict_r1_20260825/subj/k025_impress_fp16_nodefer_r1
[2026-08-25T05:21:19+08:00] accepted validated final output after runner status 0
[2026-08-25T05:21:20+08:00] launch subj k025 promixed as k025_promixed_fp16_nodefer_r1
[2026-08-25T05:21:25+08:00] promixed/fp16 subj k025 on GPU 0; deferred=false adaptive_coverage=false
Pcache CPU budget is fixed at 131 MiB; selector-index memory is additive and reported separately.
[2026-08-25T05:31:29+08:00] completed /home/panzihang/src/prism_max/results/prism_max_grid_fp16_nodefer_strict_r1_20260825/subj/k025_promixed_fp16_nodefer_r1
[2026-08-25T05:31:30+08:00] accepted validated final output after runner status 0
[2026-08-25T05:31:30+08:00] cell 8/16: subj k050 order=impress promixed contigkv
[2026-08-25T05:31:30+08:00] launch subj k050 impress as k050_impress_fp16_nodefer_r1
[2026-08-25T05:31:36+08:00] impress/fp16 subj k050 on GPU 0; deferred=false adaptive_coverage=false
Pcache CPU budget is fixed at 131 MiB; selector-index memory is additive and reported separately.
[2026-08-25T06:09:31+08:00] completed /home/panzihang/src/prism_max/results/prism_max_grid_fp16_nodefer_strict_r1_20260825/subj/k050_impress_fp16_nodefer_r1
[2026-08-25T06:09:31+08:00] accepted validated final output after runner status 0
[2026-08-25T06:09:31+08:00] launch subj k050 promixed as k050_promixed_fp16_nodefer_r1
[2026-08-25T06:09:37+08:00] promixed/fp16 subj k050 on GPU 0; deferred=false adaptive_coverage=false
Pcache CPU budget is fixed at 131 MiB; selector-index memory is additive and reported separately.
[2026-08-25T06:24:08+08:00] completed /home/panzihang/src/prism_max/results/prism_max_grid_fp16_nodefer_strict_r1_20260825/subj/k050_promixed_fp16_nodefer_r1
[2026-08-25T06:24:09+08:00] accepted validated final output after runner status 0
[2026-08-25T06:24:09+08:00] launch subj k050 contigkv as k050_contigkv_fp16_nodefer_r1
[2026-08-25T06:24:15+08:00] contigkv/fp16 subj k050 on GPU 0; deferred=false adaptive_coverage=false
Pcache CPU budget is fixed at 131 MiB; selector-index memory is additive and reported separately.
[2026-08-25T06:40:59+08:00] completed /home/panzihang/src/prism_max/results/prism_max_grid_fp16_nodefer_strict_r1_20260825/subj/k050_contigkv_fp16_nodefer_r1
[2026-08-25T06:41:00+08:00] accepted validated final output after runner status 0
[2026-08-25T06:41:00+08:00] cell 9/16: trec k005 order=promixed contigkv impress
[2026-08-25T06:41:00+08:00] launch trec k005 promixed as k005_promixed_fp16_nodefer_r1
[2026-08-25T06:41:06+08:00] promixed/fp16 trec k005 on GPU 0; deferred=false adaptive_coverage=false
Pcache CPU budget is fixed at 131 MiB; selector-index memory is additive and reported separately.
[2026-08-25T06:44:59+08:00] completed /home/panzihang/src/prism_max/results/prism_max_grid_fp16_nodefer_strict_r1_20260825/trec/k005_promixed_fp16_nodefer_r1
[2026-08-25T06:45:00+08:00] accepted validated final output after runner status 0
[2026-08-25T06:45:00+08:00] launch trec k005 contigkv as k005_contigkv_fp16_nodefer_r1
[2026-08-25T06:45:05+08:00] contigkv/fp16 trec k005 on GPU 0; deferred=false adaptive_coverage=false
Pcache CPU budget is fixed at 131 MiB; selector-index memory is additive and reported separately.
[2026-08-25T06:49:16+08:00] completed /home/panzihang/src/prism_max/results/prism_max_grid_fp16_nodefer_strict_r1_20260825/trec/k005_contigkv_fp16_nodefer_r1
[2026-08-25T06:49:16+08:00] accepted validated final output after runner status 0
[2026-08-25T06:49:17+08:00] launch trec k005 impress as k005_impress_fp16_nodefer_r1
[2026-08-25T06:49:22+08:00] impress/fp16 trec k005 on GPU 0; deferred=false adaptive_coverage=false
Pcache CPU budget is fixed at 131 MiB; selector-index memory is additive and reported separately.
[2026-08-25T06:59:22+08:00] completed /home/panzihang/src/prism_max/results/prism_max_grid_fp16_nodefer_strict_r1_20260825/trec/k005_impress_fp16_nodefer_r1
[2026-08-25T06:59:23+08:00] accepted validated final output after runner status 0
[2026-08-25T06:59:23+08:00] cell 10/16: trec k010 order=contigkv impress promixed
[2026-08-25T06:59:23+08:00] launch trec k010 contigkv as k010_contigkv_fp16_nodefer_r1
[2026-08-25T06:59:28+08:00] contigkv/fp16 trec k010 on GPU 0; deferred=false adaptive_coverage=false
Pcache CPU budget is fixed at 131 MiB; selector-index memory is additive and reported separately.
[2026-08-25T07:04:37+08:00] completed /home/panzihang/src/prism_max/results/prism_max_grid_fp16_nodefer_strict_r1_20260825/trec/k010_contigkv_fp16_nodefer_r1
[2026-08-25T07:04:38+08:00] accepted validated final output after runner status 0
[2026-08-25T07:04:38+08:00] launch trec k010 impress as k010_impress_fp16_nodefer_r1
[2026-08-25T07:04:44+08:00] impress/fp16 trec k010 on GPU 0; deferred=false adaptive_coverage=false
Pcache CPU budget is fixed at 131 MiB; selector-index memory is additive and reported separately.
[2026-08-25T07:18:48+08:00] completed /home/panzihang/src/prism_max/results/prism_max_grid_fp16_nodefer_strict_r1_20260825/trec/k010_impress_fp16_nodefer_r1
[2026-08-25T07:18:49+08:00] accepted validated final output after runner status 0
[2026-08-25T07:18:49+08:00] launch trec k010 promixed as k010_promixed_fp16_nodefer_r1
[2026-08-25T07:18:55+08:00] promixed/fp16 trec k010 on GPU 0; deferred=false adaptive_coverage=false
Pcache CPU budget is fixed at 131 MiB; selector-index memory is additive and reported separately.
[2026-08-25T07:23:21+08:00] completed /home/panzihang/src/prism_max/results/prism_max_grid_fp16_nodefer_strict_r1_20260825/trec/k010_promixed_fp16_nodefer_r1
[2026-08-25T07:23:22+08:00] accepted validated final output after runner status 0
[2026-08-25T07:23:22+08:00] cell 11/16: trec k025 order=impress promixed contigkv
[2026-08-25T07:23:22+08:00] launch trec k025 impress as k025_impress_fp16_nodefer_r1
[2026-08-25T07:23:27+08:00] impress/fp16 trec k025 on GPU 0; deferred=false adaptive_coverage=false
Pcache CPU budget is fixed at 131 MiB; selector-index memory is additive and reported separately.
[2026-08-25T08:02:02+08:00] completed /home/panzihang/src/prism_max/results/prism_max_grid_fp16_nodefer_strict_r1_20260825/trec/k025_impress_fp16_nodefer_r1
[2026-08-25T08:02:02+08:00] accepted validated final output after runner status 0
[2026-08-25T08:02:03+08:00] launch trec k025 promixed as k025_promixed_fp16_nodefer_r1
[2026-08-25T08:02:08+08:00] promixed/fp16 trec k025 on GPU 0; deferred=false adaptive_coverage=false
Pcache CPU budget is fixed at 131 MiB; selector-index memory is additive and reported separately.
[2026-08-25T08:08:22+08:00] completed /home/panzihang/src/prism_max/results/prism_max_grid_fp16_nodefer_strict_r1_20260825/trec/k025_promixed_fp16_nodefer_r1
[2026-08-25T08:08:22+08:00] accepted validated final output after runner status 0
[2026-08-25T08:08:23+08:00] launch trec k025 contigkv as k025_contigkv_fp16_nodefer_r1
[2026-08-25T08:08:28+08:00] contigkv/fp16 trec k025 on GPU 0; deferred=false adaptive_coverage=false
Pcache CPU budget is fixed at 131 MiB; selector-index memory is additive and reported separately.
[2026-08-25T08:17:01+08:00] completed /home/panzihang/src/prism_max/results/prism_max_grid_fp16_nodefer_strict_r1_20260825/trec/k025_contigkv_fp16_nodefer_r1
[2026-08-25T08:17:02+08:00] accepted validated final output after runner status 0
[2026-08-25T08:17:02+08:00] cell 12/16: trec k050 order=promixed contigkv impress
[2026-08-25T08:17:02+08:00] launch trec k050 promixed as k050_promixed_fp16_nodefer_r1
[2026-08-25T08:17:08+08:00] promixed/fp16 trec k050 on GPU 0; deferred=false adaptive_coverage=false
Pcache CPU budget is fixed at 131 MiB; selector-index memory is additive and reported separately.
[2026-08-25T08:27:34+08:00] completed /home/panzihang/src/prism_max/results/prism_max_grid_fp16_nodefer_strict_r1_20260825/trec/k050_promixed_fp16_nodefer_r1
[2026-08-25T08:27:34+08:00] accepted validated final output after runner status 0
[2026-08-25T08:27:35+08:00] launch trec k050 contigkv as k050_contigkv_fp16_nodefer_r1
[2026-08-25T08:27:40+08:00] contigkv/fp16 trec k050 on GPU 0; deferred=false adaptive_coverage=false
Pcache CPU budget is fixed at 131 MiB; selector-index memory is additive and reported separately.
[2026-08-25T08:40:36+08:00] completed /home/panzihang/src/prism_max/results/prism_max_grid_fp16_nodefer_strict_r1_20260825/trec/k050_contigkv_fp16_nodefer_r1
[2026-08-25T08:40:36+08:00] accepted validated final output after runner status 0
[2026-08-25T08:40:36+08:00] launch trec k050 impress as k050_impress_fp16_nodefer_r1
[2026-08-25T08:40:42+08:00] impress/fp16 trec k050 on GPU 0; deferred=false adaptive_coverage=false
Pcache CPU budget is fixed at 131 MiB; selector-index memory is additive and reported separately.
[2026-08-25T09:14:22+08:00] completed /home/panzihang/src/prism_max/results/prism_max_grid_fp16_nodefer_strict_r1_20260825/trec/k050_impress_fp16_nodefer_r1
[2026-08-25T09:14:22+08:00] accepted validated final output after runner status 0
[2026-08-25T09:14:22+08:00] cell 13/16: rte k005 order=contigkv impress promixed
[2026-08-25T09:14:23+08:00] launch rte k005 contigkv as k005_contigkv_fp16_nodefer_r1
[2026-08-25T09:14:28+08:00] contigkv/fp16 rte k005 on GPU 0; deferred=false adaptive_coverage=false
Pcache CPU budget is fixed at 131 MiB; selector-index memory is additive and reported separately.
[2026-08-25T09:17:29+08:00] completed /home/panzihang/src/prism_max/results/prism_max_grid_fp16_nodefer_strict_r1_20260825/rte/k005_contigkv_fp16_nodefer_r1
[2026-08-25T09:17:29+08:00] accepted validated final output after runner status 0
[2026-08-25T09:17:30+08:00] launch rte k005 impress as k005_impress_fp16_nodefer_r1
[2026-08-25T09:17:35+08:00] impress/fp16 rte k005 on GPU 0; deferred=false adaptive_coverage=false
Pcache CPU budget is fixed at 131 MiB; selector-index memory is additive and reported separately.
[2026-08-25T09:26:22+08:00] completed /home/panzihang/src/prism_max/results/prism_max_grid_fp16_nodefer_strict_r1_20260825/rte/k005_impress_fp16_nodefer_r1
[2026-08-25T09:26:22+08:00] accepted validated final output after runner status 0
[2026-08-25T09:26:22+08:00] launch rte k005 promixed as k005_promixed_fp16_nodefer_r1
[2026-08-25T09:26:28+08:00] promixed/fp16 rte k005 on GPU 0; deferred=false adaptive_coverage=false
Pcache CPU budget is fixed at 131 MiB; selector-index memory is additive and reported separately.
[2026-08-25T09:29:52+08:00] completed /home/panzihang/src/prism_max/results/prism_max_grid_fp16_nodefer_strict_r1_20260825/rte/k005_promixed_fp16_nodefer_r1
[2026-08-25T09:29:53+08:00] accepted validated final output after runner status 0
[2026-08-25T09:29:53+08:00] cell 14/16: rte k010 order=impress promixed contigkv
[2026-08-25T09:29:53+08:00] launch rte k010 impress as k010_impress_fp16_nodefer_r1
[2026-08-25T09:29:59+08:00] impress/fp16 rte k010 on GPU 0; deferred=false adaptive_coverage=false
Pcache CPU budget is fixed at 131 MiB; selector-index memory is additive and reported separately.
[2026-08-25T09:54:19+08:00] completed /home/panzihang/src/prism_max/results/prism_max_grid_fp16_nodefer_strict_r1_20260825/rte/k010_impress_fp16_nodefer_r1
[2026-08-25T09:54:20+08:00] accepted validated final output after runner status 0
[2026-08-25T09:54:20+08:00] launch rte k010 promixed as k010_promixed_fp16_nodefer_r1
[2026-08-25T09:54:25+08:00] promixed/fp16 rte k010 on GPU 0; deferred=false adaptive_coverage=false
Pcache CPU budget is fixed at 131 MiB; selector-index memory is additive and reported separately.
[2026-08-25T09:58:42+08:00] completed /home/panzihang/src/prism_max/results/prism_max_grid_fp16_nodefer_strict_r1_20260825/rte/k010_promixed_fp16_nodefer_r1
[2026-08-25T09:58:43+08:00] accepted validated final output after runner status 0
[2026-08-25T09:58:43+08:00] launch rte k010 contigkv as k010_contigkv_fp16_nodefer_r1
[2026-08-25T09:58:48+08:00] contigkv/fp16 rte k010 on GPU 0; deferred=false adaptive_coverage=false
Pcache CPU budget is fixed at 131 MiB; selector-index memory is additive and reported separately.
[2026-08-25T10:02:18+08:00] completed /home/panzihang/src/prism_max/results/prism_max_grid_fp16_nodefer_strict_r1_20260825/rte/k010_contigkv_fp16_nodefer_r1
[2026-08-25T10:02:18+08:00] accepted validated final output after runner status 0
[2026-08-25T10:02:18+08:00] cell 15/16: rte k025 order=promixed contigkv impress
[2026-08-25T10:02:18+08:00] launch rte k025 promixed as k025_promixed_fp16_nodefer_r1
[2026-08-25T10:02:24+08:00] promixed/fp16 rte k025 on GPU 0; deferred=false adaptive_coverage=false
Pcache CPU budget is fixed at 131 MiB; selector-index memory is additive and reported separately.
[2026-08-25T10:07:46+08:00] completed /home/panzihang/src/prism_max/results/prism_max_grid_fp16_nodefer_strict_r1_20260825/rte/k025_promixed_fp16_nodefer_r1
[2026-08-25T10:07:47+08:00] accepted validated final output after runner status 0
[2026-08-25T10:07:47+08:00] launch rte k025 contigkv as k025_contigkv_fp16_nodefer_r1
[2026-08-25T10:07:52+08:00] contigkv/fp16 rte k025 on GPU 0; deferred=false adaptive_coverage=false
Pcache CPU budget is fixed at 131 MiB; selector-index memory is additive and reported separately.
[2026-08-25T10:13:10+08:00] completed /home/panzihang/src/prism_max/results/prism_max_grid_fp16_nodefer_strict_r1_20260825/rte/k025_contigkv_fp16_nodefer_r1
[2026-08-25T10:13:10+08:00] accepted validated final output after runner status 0
[2026-08-25T10:13:11+08:00] launch rte k025 impress as k025_impress_fp16_nodefer_r1
[2026-08-25T10:13:16+08:00] impress/fp16 rte k025 on GPU 0; deferred=false adaptive_coverage=false
Pcache CPU budget is fixed at 131 MiB; selector-index memory is additive and reported separately.
[2026-08-25T10:32:15+08:00] completed /home/panzihang/src/prism_max/results/prism_max_grid_fp16_nodefer_strict_r1_20260825/rte/k025_impress_fp16_nodefer_r1
[2026-08-25T10:32:15+08:00] accepted validated final output after runner status 0
[2026-08-25T10:32:15+08:00] cell 16/16: rte k050 order=contigkv impress promixed
[2026-08-25T10:32:16+08:00] launch rte k050 contigkv as k050_contigkv_fp16_nodefer_r1
[2026-08-25T10:32:21+08:00] contigkv/fp16 rte k050 on GPU 0; deferred=false adaptive_coverage=false
Pcache CPU budget is fixed at 131 MiB; selector-index memory is additive and reported separately.
[2026-08-25T10:44:54+08:00] completed /home/panzihang/src/prism_max/results/prism_max_grid_fp16_nodefer_strict_r1_20260825/rte/k050_contigkv_fp16_nodefer_r1
[2026-08-25T10:44:54+08:00] accepted validated final output after runner status 0
[2026-08-25T10:44:54+08:00] launch rte k050 impress as k050_impress_fp16_nodefer_r1
[2026-08-25T10:45:00+08:00] impress/fp16 rte k050 on GPU 0; deferred=false adaptive_coverage=false
Pcache CPU budget is fixed at 131 MiB; selector-index memory is additive and reported separately.
[2026-08-25T11:30:27+08:00] completed /home/panzihang/src/prism_max/results/prism_max_grid_fp16_nodefer_strict_r1_20260825/rte/k050_impress_fp16_nodefer_r1
[2026-08-25T11:30:27+08:00] accepted validated final output after runner status 0
[2026-08-25T11:30:28+08:00] launch rte k050 promixed as k050_promixed_fp16_nodefer_r1
[2026-08-25T11:30:33+08:00] promixed/fp16 rte k050 on GPU 0; deferred=false adaptive_coverage=false
Pcache CPU budget is fixed at 131 MiB; selector-index memory is additive and reported separately.
[2026-08-25T11:40:43+08:00] completed /home/panzihang/src/prism_max/results/prism_max_grid_fp16_nodefer_strict_r1_20260825/rte/k050_promixed_fp16_nodefer_r1
[2026-08-25T11:40:44+08:00] accepted validated final output after runner status 0
/home/panzihang/src/prism_max/results/prism_max_grid_fp16_nodefer_strict_r1_20260825/.analysis_candidate.33825/prism_max_grid_fp16_nodefer_strict_r1.json
/home/panzihang/src/prism_max/results/prism_max_grid_fp16_nodefer_strict_r1_20260825/.analysis_candidate.33825/prism_max_grid_fp16_nodefer_strict_r1.md
[2026-08-25T11:44:13+08:00] completed 48-run grid; analysis: /home/panzihang/src/prism_max/results/prism_max_grid_fp16_nodefer_strict_r1_20260825/prism_max_grid_fp16_nodefer_strict_r1.{json,md}
