[2026-08-25T18:55:46+08:00] Prism-Max K4/nodefer strict ABBA diagnostics starts
[2026-08-25T18:55:47+08:00] cell subj k025 ABBA begins
[2026-08-25T18:55:47+08:00] launch subj k025 contigkv r1
[2026-08-25T18:55:52+08:00] contigkv/k4 subj k025 on GPU 0; deferred=false adaptive_coverage=false
Pcache CPU budget is fixed at 131 MiB; selector-index memory is additive and reported separately.
[2026-08-25T19:04:39+08:00] completed /home/panzihang/src/prism_max/results/prism_max_k4_nodefer_strict_abba_diag_20260825/subj/k025_contigkv_k4_nodefer_r1
[2026-08-25T19:04:39+08:00] accepted validated output after status 0
[2026-08-25T19:04:40+08:00] launch subj k025 promixed r1
[2026-08-25T19:04:45+08:00] promixed/k4 subj k025 on GPU 0; deferred=false adaptive_coverage=false
Pcache CPU budget is fixed at 131 MiB; selector-index memory is additive and reported separately.
[2026-08-25T19:13:35+08:00] completed /home/panzihang/src/prism_max/results/prism_max_k4_nodefer_strict_abba_diag_20260825/subj/k025_promixed_k4_nodefer_r1
[2026-08-25T19:13:36+08:00] accepted validated output after status 0
[2026-08-25T19:13:36+08:00] launch subj k025 promixed r2
[2026-08-25T19:13:41+08:00] promixed/k4 subj k025 on GPU 0; deferred=false adaptive_coverage=false
Pcache CPU budget is fixed at 131 MiB; selector-index memory is additive and reported separately.
[2026-08-25T19:22:43+08:00] completed /home/panzihang/src/prism_max/results/prism_max_k4_nodefer_strict_abba_diag_20260825/subj/k025_promixed_k4_nodefer_r2
[2026-08-25T19:22:43+08:00] accepted validated output after status 0
[2026-08-25T19:22:43+08:00] launch subj k025 contigkv r2
[2026-08-25T19:22:49+08:00] contigkv/k4 subj k025 on GPU 0; deferred=false adaptive_coverage=false
Pcache CPU budget is fixed at 131 MiB; selector-index memory is additive and reported separately.
[2026-08-25T19:31:32+08:00] completed /home/panzihang/src/prism_max/results/prism_max_k4_nodefer_strict_abba_diag_20260825/subj/k025_contigkv_k4_nodefer_r2
[2026-08-25T19:31:33+08:00] accepted validated output after status 0
# PRISM-Max matched ABBA comparison

Task `subj`, KV budget `025`, selector backend `k4`, score mode `nodefer`. Strict protocol validation passed for 998 paired UIDs.

Each ready time is averaged per UID over the two repeats before the paired bootstrap. Negative paired deltas favor ProMixed; positive reduction percentages favor ProMixed.
Response-ready is the primary latency; logits-ready is retained as a phase metric.

| Boundary | ContiguousKV mean/P95 (ms) | ProMixed mean/P95 (ms) | Mean/P95 reduction | Paired delta 95% CI (ms) | Faster UIDs |
|---|---:|---:|---:|---:|---:|
| Response ready (primary) | 423.95/546.41 | 432.04/484.93 | -1.91%/+11.25% | [+2.80, +13.52] | 388/998 |
| Logits ready (phase) | 423.59/546.14 | 431.79/484.61 | -1.93%/+11.27% | [+2.79, +13.41] | 388/998 |
| First token ready | 423.83/546.29 | 431.92/484.76 | -1.91%/+11.26% | [+2.62, +13.41] | 388/998 |
| All requested token IDs ready (latency) | 423.86/546.32 | 431.95/484.79 | -1.91%/+11.26% | [+2.77, +13.35] | 388/998 |
| Evaluation ready | 456.75/578.15 | 468.18/523.24 | -2.50%/+9.50% | [+5.96, +16.84] | 370/998 |

## Exclusion provenance

Input-bundle exclusions were pre-applied before all runs: `subj-0`. No analysis-time exclusion manifest was applied.

## Accuracy

ContiguousKV `0.4860`, ProMixed `0.8246`, delta `+33.87 pp`; W→C/C→W `373/35`, exact McNemar p `1.699e-72`.

## Run order

- `reference_r1`
- `candidate_r1`
- `candidate_r2`
- `reference_r2`
JSON: /home/panzihang/src/prism_max/results/prism_max_k4_nodefer_strict_abba_diag_20260825/validation/.subj_k025_candidate.json
Markdown: /home/panzihang/src/prism_max/results/prism_max_k4_nodefer_strict_abba_diag_20260825/validation/.subj_k025_candidate.md
mv: cannot stat '/home/panzihang/src/prism_max/results/prism_max_k4_nodefer_strict_abba_diag_20260825/validation/.subj_k025_candidate.19884.json': No such file or directory
